Archive member included to satisfy reference by file (symbol)

c:/altera/16.0/nios2eds/bin/gnu/h-x86_64-mingw32/bin/../lib/gcc/nios2-elf/5.2.0/../../../../../H-x86_64-mingw32/nios2-elf/lib/mhw-mulx\libc.a(lib_a-memcpy.o)
                              obj/default/seven_seg_hex.o (memcpy)
C:/Users/martin.nowak/Documents/FPGA/InterruptsNIOS_bsp/\libhal_bsp.a(alt_irq_register.o)
                              obj/default/InterruptDemo.o (alt_irq_register)
C:/Users/martin.nowak/Documents/FPGA/InterruptsNIOS_bsp/\libhal_bsp.a(alt_irq_vars.o)
                              C:/Users/martin.nowak/Documents/FPGA/InterruptsNIOS_bsp/\libhal_bsp.a(alt_irq_register.o) (alt_irq_active)
C:/Users/martin.nowak/Documents/FPGA/InterruptsNIOS_bsp/\libhal_bsp.a(alt_load.o)
                              C:/Users/martin.nowak/Documents/FPGA/InterruptsNIOS_bsp//obj/HAL/src/crt0.o (alt_load)
C:/Users/martin.nowak/Documents/FPGA/InterruptsNIOS_bsp/\libhal_bsp.a(alt_main.o)
                              C:/Users/martin.nowak/Documents/FPGA/InterruptsNIOS_bsp//obj/HAL/src/crt0.o (alt_main)
C:/Users/martin.nowak/Documents/FPGA/InterruptsNIOS_bsp/\libhal_bsp.a(alt_sys_init.o)
                              C:/Users/martin.nowak/Documents/FPGA/InterruptsNIOS_bsp/\libhal_bsp.a(alt_main.o) (alt_irq_init)
C:/Users/martin.nowak/Documents/FPGA/InterruptsNIOS_bsp/\libhal_bsp.a(altera_avalon_jtag_uart_fd.o)
                              C:/Users/martin.nowak/Documents/FPGA/InterruptsNIOS_bsp/\libhal_bsp.a(alt_sys_init.o) (altera_avalon_jtag_uart_read_fd)
C:/Users/martin.nowak/Documents/FPGA/InterruptsNIOS_bsp/\libhal_bsp.a(altera_avalon_jtag_uart_init.o)
                              C:/Users/martin.nowak/Documents/FPGA/InterruptsNIOS_bsp/\libhal_bsp.a(alt_sys_init.o) (altera_avalon_jtag_uart_init)
C:/Users/martin.nowak/Documents/FPGA/InterruptsNIOS_bsp/\libhal_bsp.a(altera_avalon_jtag_uart_ioctl.o)
                              C:/Users/martin.nowak/Documents/FPGA/InterruptsNIOS_bsp/\libhal_bsp.a(altera_avalon_jtag_uart_fd.o) (altera_avalon_jtag_uart_ioctl)
C:/Users/martin.nowak/Documents/FPGA/InterruptsNIOS_bsp/\libhal_bsp.a(altera_avalon_jtag_uart_read.o)
                              C:/Users/martin.nowak/Documents/FPGA/InterruptsNIOS_bsp/\libhal_bsp.a(altera_avalon_jtag_uart_fd.o) (altera_avalon_jtag_uart_read)
C:/Users/martin.nowak/Documents/FPGA/InterruptsNIOS_bsp/\libhal_bsp.a(altera_avalon_jtag_uart_write.o)
                              C:/Users/martin.nowak/Documents/FPGA/InterruptsNIOS_bsp/\libhal_bsp.a(altera_avalon_jtag_uart_fd.o) (altera_avalon_jtag_uart_write)
C:/Users/martin.nowak/Documents/FPGA/InterruptsNIOS_bsp/\libhal_bsp.a(altera_avalon_timer_sc.o)
                              C:/Users/martin.nowak/Documents/FPGA/InterruptsNIOS_bsp/\libhal_bsp.a(alt_sys_init.o) (alt_avalon_timer_sc_init)
C:/Users/martin.nowak/Documents/FPGA/InterruptsNIOS_bsp/\libhal_bsp.a(altera_up_avalon_character_lcd.o)
                              C:/Users/martin.nowak/Documents/FPGA/InterruptsNIOS_bsp/\libhal_bsp.a(alt_sys_init.o) (alt_up_character_lcd_init)
C:/Users/martin.nowak/Documents/FPGA/InterruptsNIOS_bsp/\libhal_bsp.a(altera_up_avalon_irda.o)
                              C:/Users/martin.nowak/Documents/FPGA/InterruptsNIOS_bsp/\libhal_bsp.a(alt_sys_init.o) (alt_up_irda_read_fd)
C:/Users/martin.nowak/Documents/FPGA/InterruptsNIOS_bsp/\libhal_bsp.a(altera_up_avalon_ps2.o)
                              C:/Users/martin.nowak/Documents/FPGA/InterruptsNIOS_bsp/\libhal_bsp.a(alt_sys_init.o) (alt_up_ps2_init)
C:/Users/martin.nowak/Documents/FPGA/InterruptsNIOS_bsp/\libhal_bsp.a(altera_up_avalon_rs232.o)
                              C:/Users/martin.nowak/Documents/FPGA/InterruptsNIOS_bsp/\libhal_bsp.a(alt_sys_init.o) (alt_up_rs232_read_fd)
C:/Users/martin.nowak/Documents/FPGA/InterruptsNIOS_bsp/\libhal_bsp.a(alt_alarm_start.o)
                              C:/Users/martin.nowak/Documents/FPGA/InterruptsNIOS_bsp/\libhal_bsp.a(altera_avalon_jtag_uart_init.o) (alt_alarm_start)
C:/Users/martin.nowak/Documents/FPGA/InterruptsNIOS_bsp/\libhal_bsp.a(alt_close.o)
                              C:/Users/martin.nowak/Documents/FPGA/InterruptsNIOS_bsp/\libhal_bsp.a(alt_main.o) (close)
C:/Users/martin.nowak/Documents/FPGA/InterruptsNIOS_bsp/\libhal_bsp.a(alt_dcache_flush_all.o)
                              C:/Users/martin.nowak/Documents/FPGA/InterruptsNIOS_bsp/\libhal_bsp.a(alt_load.o) (alt_dcache_flush_all)
C:/Users/martin.nowak/Documents/FPGA/InterruptsNIOS_bsp/\libhal_bsp.a(alt_dev.o)
                              C:/Users/martin.nowak/Documents/FPGA/InterruptsNIOS_bsp/\libhal_bsp.a(alt_sys_init.o) (alt_dev_list)
C:/Users/martin.nowak/Documents/FPGA/InterruptsNIOS_bsp/\libhal_bsp.a(alt_dev_llist_insert.o)
                              C:/Users/martin.nowak/Documents/FPGA/InterruptsNIOS_bsp/\libhal_bsp.a(alt_sys_init.o) (alt_dev_llist_insert)
C:/Users/martin.nowak/Documents/FPGA/InterruptsNIOS_bsp/\libhal_bsp.a(alt_do_ctors.o)
[...]
Memory Configuration

Name             Origin             Length             Attributes
reset            0x0000000000000000 0x0000000000000020
SDRAM            0x0000000000000020 0x0000000003ffffe0
VGA_Subsystem_Char_Buf_Subsystem_Onchip_SRAM 0x0000000009000000 0x0000000000002000
*default*        0x0000000000000000 0xffffffffffffffff

Linker script and memory map

LOAD C:/Users/martin.nowak/Documents/FPGA/InterruptsNIOS_bsp//obj/HAL/src/crt0.o
LOAD obj/default/HexDisplay.o
LOAD obj/default/InterruptDemo.o
LOAD obj/default/buttonISR.o
LOAD obj/default/lcd.o
LOAD obj/default/seven_seg_bcd.o
LOAD obj/default/seven_seg_hex.o
LOAD obj/default/timerISR.o
LOAD c:/altera/16.0/nios2eds/bin/gnu/h-x86_64-mingw32/bin/../lib/gcc/nios2-elf/5.2.0/../../../../../H-x86_64-mingw32/nios2-elf/lib/mhw-mulx\libstdc++.a
LOAD c:/altera/16.0/nios2eds/bin/gnu/h-x86_64-mingw32/bin/../lib/gcc/nios2-elf/5.2.0/../../../../../H-x86_64-mingw32/nios2-elf/lib/mhw-mulx\libm.a
LOAD c:/altera/16.0/nios2eds/bin/gnu/h-x86_64-mingw32/bin/../lib/gcc/nios2-elf/5.2.0/mhw-mulx\libgcc.a
START GROUP
LOAD c:/altera/16.0/nios2eds/bin/gnu/h-x86_64-mingw32/bin/../lib/gcc/nios2-elf/5.2.0/../../../../../H-x86_64-mingw32/nios2-elf/lib/mhw-mulx\libc.a
LOAD c:/altera/16.0/nios2eds/bin/gnu/h-x86_64-mingw32/bin/../lib/gcc/nios2-elf/5.2.0/mhw-mulx\libgcc.a
LOAD C:/Users/martin.nowak/Documents/FPGA/InterruptsNIOS_bsp/\libhal_bsp.a
LOAD c:/altera/16.0/nios2eds/bin/gnu/h-x86_64-mingw32/bin/../lib/gcc/nios2-elf/5.2.0/../../../../../H-x86_64-mingw32/nios2-elf/lib/mhw-mulx\libm.a
END GROUP
LOAD c:/altera/16.0/nios2eds/bin/gnu/h-x86_64-mingw32/bin/../lib/gcc/nios2-elf/5.2.0/mhw-mulx\libgcc.a
                0x0000000000000000                __alt_mem_SDRAM = 0x0
                0x0000000009000000                __alt_mem_VGA_Subsystem_Char_Buf_Subsystem_Onchip_SRAM = 0x9000000

.entry          0x0000000000000000       0x20
 *(.entry)
 .entry         0x0000000000000000       0x20 C:/Users/martin.nowak/Documents/FPGA/InterruptsNIOS_bsp//obj/HAL/src/crt0.o
                0x0000000000000000                __reset

.exceptions     0x0000000000000020      0x228
                0x0000000000000020                PROVIDE (__ram_exceptions_start, ABSOLUTE (.))
                0x0000000000000020                . = ALIGN (0x20)
 *(.irq)
 *(.exceptions.entry.label)
 .exceptions.entry.label
                0x0000000000000020        0x0 C:/Users/martin.nowak/Documents/FPGA/InterruptsNIOS_bsp/\libhal_bsp.a(alt_irq_entry.o)
                0x0000000000000020                alt_irq_entry
 .exceptions.entry.label
                0x0000000000000020        0x0 C:/Users/martin.nowak/Documents/FPGA/InterruptsNIOS_bsp/\libhal_bsp.a(alt_exception_entry.o)
                0x0000000000000020                alt_exception
 *(.exceptions.entry.user)
 *(.exceptions.entry.ecc_fatal)
 *(.exceptions.entry)
 .exceptions.entry
                0x0000000000000020       0x54 C:/Users/martin.nowak/Documents/FPGA/InterruptsNIOS_bsp/\libhal_bsp.a(alt_exception_entry.o)
 *(.exceptions.irqtest.user)
 *(.exceptions.irqtest)
 .exceptions.irqtest
                0x0000000000000074       0x10 C:/Users/martin.nowak/Documents/FPGA/InterruptsNIOS_bsp/\libhal_bsp.a(alt_irq_entry.o)
 *(.exceptions.irqhandler.user)
 *(.exceptions.irqhandler)
 .exceptions.irqhandler
                0x0000000000000084        0x4 C:/Users/martin.nowak/Documents/FPGA/InterruptsNIOS_bsp/\libhal_bsp.a(alt_irq_entry.o)
 *(.exceptions.irqreturn.user)
 *(.exceptions.irqreturn)
 .exceptions.irqreturn
                0x0000000000000088        0x4 C:/Users/martin.nowak/Documents/FPGA/InterruptsNIOS_bsp/\libhal_bsp.a(alt_irq_entry.o)
 *(.exceptions.notirq.label)
 .exceptions.notirq.label
                0x000000000000008c        0x0 C:/Users/martin.nowak/Documents/FPGA/InterruptsNIOS_bsp/\libhal_bsp.a(alt_irq_entry.o)
 *(.exceptions.notirq.user)
 *(.exceptions.notirq)
 .exceptions.notirq
                0x000000000000008c        0x8 C:/Users/martin.nowak/Documents/FPGA/InterruptsNIOS_bsp/\libhal_bsp.a(alt_exception_entry.o)
 *(.exceptions.soft.user)
 *(.exceptions.soft)
 *(.exceptions.unknown.user)
 *(.exceptions.unknown)
 .exceptions.unknown
                0x0000000000000094       0x14 C:/Users/martin.nowak/Documents/FPGA/InterruptsNIOS_bsp/\libhal_bsp.a(alt_exception_entry.o)
 *(.exceptions.exit.label)
 .exceptions.exit.label
                0x00000000000000a8        0x0 C:/Users/martin.nowak/Documents/FPGA/InterruptsNIOS_bsp/\libhal_bsp.a(alt_irq_entry.o)
 .exceptions.exit.label
                0x00000000000000a8        0x0 C:/Users/martin.nowak/Documents/FPGA/InterruptsNIOS_bsp/\libhal_bsp.a(alt_exception_entry.o)
 *(.exceptions.exit.user)
 *(.exceptions.exit)
 .exceptions.exit
                0x00000000000000a8       0x54 C:/Users/martin.nowak/Documents/FPGA/InterruptsNIOS_bsp/\libhal_bsp.a(alt_exception_entry.o)
 *(.exceptions)
 .exceptions    0x00000000000000fc       0xd8 C:/Users/martin.nowak/Documents/FPGA/InterruptsNIOS_bsp/\libhal_bsp.a(alt_irq_handler.o)
                0x00000000000000fc                alt_irq_handler
 .exceptions    0x00000000000001d4       0x74 C:/Users/martin.nowak/Documents/FPGA/InterruptsNIOS_bsp/\libhal_bsp.a(alt_instruction_exception_entry.o)
                0x00000000000001d4                alt_instruction_exception_entry
                0x0000000000000248                PROVIDE (__ram_exceptions_end, ABSOLUTE (.))
                0x0000000000000020                PROVIDE (__flash_exceptions_start, LOADADDR (.exceptions))

.text           0x0000000000000248     0x4130
                [!provide]                        PROVIDE (stext, ABSOLUTE (.))
 *(.interp)
 *(.hash)
 *(.dynsym)
 *(.dynstr)
 *(.gnu.version)
 *(.gnu.version_d)
 *(.gnu.version_r)
 *(.rel.init)
 *(.rela.init)
 *(.rel.text .rel.text.* .rel.gnu.linkonce.t.*)
 *(.rela.text .rela.text.* .rela.gnu.linkonce.t.*)
 *(.rel.fini)
 *(.rela.fini)
 *(.rel.rodata .rel.rodata.* .rel.gnu.linkonce.r.*)
 *(.rela.rodata .rela.rodata.* .rela.gnu.linkonce.r.*)
 *(.rel.data .rel.data.* .rel.gnu.linkonce.d.*)
 *(.rela.data .rela.data.* .rela.gnu.linkonce.d.*)
 *(.rel.tdata .rel.tdata.* .rel.gnu.linkonce.td.*)
 *(.rela.tdata .rela.tdata.* .rela.gnu.linkonce.td.*)
 *(.rel.tbss .rel.tbss.* .rel.gnu.linkonce.tb.*)
 *(.rela.tbss .rela.tbss.* .rela.gnu.linkonce.tb.*)
 *(.rel.ctors)
 *(.rela.ctors)
 *(.rel.dtors)
 *(.rela.dtors)
 *(.rel.got)
 *(.rela.got)
 *(.rel.sdata .rel.sdata.* .rel.gnu.linkonce.s.*)
 *(.rela.sdata .rela.sdata.* .rela.gnu.linkonce.s.*)
 *(.rel.sbss .rel.sbss.* .rel.gnu.linkonce.sb.*)
 *(.rela.sbss .rela.sbss.* .rela.gnu.linkonce.sb.*)
 *(.rel.sdata2 .rel.sdata2.* .rel.gnu.linkonce.s2.*)
 *(.rela.sdata2 .rela.sdata2.* .rela.gnu.linkonce.s2.*)
 *(.rel.sbss2 .rel.sbss2.* .rel.gnu.linkonce.sb2.*)
 *(.rela.sbss2 .rela.sbss2.* .rela.gnu.linkonce.sb2.*)
 *(.rel.bss .rel.bss.* .rel.gnu.linkonce.b.*)
 *(.rela.bss .rela.bss.* .rela.gnu.linkonce.b.*)
 *(.rel.plt)
 *(.rela.plt)
 *(.rel.dyn)
 *(.init)
 *(.plt)
 *(.text .stub .text.* .gnu.linkonce.t.*)
 .text          0x0000000000000248       0x3c C:/Users/martin.nowak/Documents/FPGA/InterruptsNIOS_bsp//obj/HAL/src/crt0.o
                0x0000000000000248                _start
 .text          0x0000000000000284       0xdc obj/default/HexDisplay.o
                0x0000000000000284                bcd_hex_flip
                0x00000000000002d0                HexDisplay
 .text          0x0000000000000360       0x94 obj/default/InterruptDemo.o
                0x0000000000000360                main
 .text          0x00000000000003f4      0x19c obj/default/buttonISR.o
                0x00000000000003f4                buttonISR
 .text          0x0000000000000590      0x110 obj/default/lcd.o
                0x0000000000000590                LCD_cursor
                0x00000000000005fc                LCD_text
                0x0000000000000668                LCD_cursor_off
 .text          0x00000000000006a0      0x2bc obj/default/seven_seg_bcd.o
                0x00000000000006a0                seven_seg_bcd
 .text          0x000000000000095c      0x14c obj/default/seven_seg_hex.o
                0x000000000000095c                seven_seg_hex
 .text          0x0000000000000aa8       0x78 obj/default/timerISR.o
                0x0000000000000aa8                timerISR
 .text          0x0000000000000b20        0x0 c:/altera/16.0/nios2eds/bin/gnu/h-x86_64-mingw32/bin/../lib/gcc/nios2-elf/5.2.0/../../../../../H-x86_64-mingw32/nios2-elf/lib/mhw-mulx\libc.a(lib_a-memcpy.o)
 .text.memcpy   0x0000000000000b20      0x148 c:/altera/16.0/nios2eds/bin/gnu/h-x86_64-mingw32/bin/../lib/gcc/nios2-elf/5.2.0/../../../../../H-x86_64-mingw32/nios2-elf/lib/mhw-mulx\libc.a(lib_a-memcpy.o)
                0x0000000000000b20                memcpy
 .text          0x0000000000000c68      0x1b0 C:/Users/martin.nowak/Documents/FPGA/InterruptsNIOS_bsp/\libhal_bsp.a(alt_irq_register.o)
                0x0000000000000c68                alt_irq_register
 .text          0x0000000000000e18        0x0 C:/Users/martin.nowak/Documents/FPGA/InterruptsNIOS_bsp/\libhal_bsp.a(alt_irq_vars.o)
 .text          0x0000000000000e18       0xec C:/Users/martin.nowak/Documents/FPGA/InterruptsNIOS_bsp/\libhal_bsp.a(alt_load.o)
                0x0000000000000e80                alt_load
 .text          0x0000000000000f04       0x7c C:/Users/martin.nowak/Documents/FPGA/InterruptsNIOS_bsp/\libhal_bsp.a(alt_main.o)
                0x0000000000000f04                alt_main
 .text          0x0000000000000f80      0x394 C:/Users/martin.nowak/Documents/FPGA/InterruptsNIOS_bsp/\libhal_bsp.a(alt_sys_init.o)
                0x0000000000000fb8                alt_irq_init
                0x0000000000000ff0                alt_sys_init
 .text          0x0000000000001314      0x164 C:/Users/martin.nowak/Documents/FPGA/InterruptsNIOS_bsp/\libhal_bsp.a(altera_avalon_jtag_uart_fd.o)
                0x0000000000001314                altera_avalon_jtag_uart_read_fd
                0x0000000000001374                altera_avalon_jtag_uart_write_fd
                0x00000000000013d4                altera_avalon_jtag_uart_close_fd
                0x0000000000001424                altera_avalon_jtag_uart_ioctl_fd
 .text          0x0000000000001478      0x3dc C:/Users/martin.nowak/Documents/FPGA/InterruptsNIOS_bsp/\libhal_bsp.a(altera_avalon_jtag_uart_init.o)
                0x0000000000001478                altera_avalon_jtag_uart_init
                0x00000000000017ec                altera_avalon_jtag_uart_close
 .text          0x0000000000001854       0xf0 C:/Users/martin.nowak/Documents/FPGA/InterruptsNIOS_bsp/\libhal_bsp.a(altera_avalon_jtag_uart_ioctl.o)
                0x0000000000001854                altera_avalon_jtag_uart_ioctl
 .text          0x0000000000001944      0x21c C:/Users/martin.nowak/Documents/FPGA/InterruptsNIOS_bsp/\libhal_bsp.a(altera_avalon_jtag_uart_read.o)
                0x0000000000001944                altera_avalon_jtag_uart_read
 .text          0x0000000000001b60      0x224 C:/Users/martin.nowak/Documents/FPGA/InterruptsNIOS_bsp/\libhal_bsp.a(altera_avalon_jtag_uart_write.o)
                0x0000000000001b60                altera_avalon_jtag_uart_write
 .text          0x0000000000001d84      0x100 C:/Users/martin.nowak/Documents/FPGA/InterruptsNIOS_bsp/\libhal_bsp.a(altera_avalon_timer_sc.o)
                0x0000000000001e00                alt_avalon_timer_sc_init
 .text          0x0000000000001e84      0x4f8 C:/Users/martin.nowak/Documents/FPGA/InterruptsNIOS_bsp/\libhal_bsp.a(altera_up_avalon_character_lcd.o)
                0x0000000000001e84                get_DDRAM_addr
                0x0000000000001ef8                alt_up_character_lcd_send_cmd
                0x0000000000001f38                alt_up_character_lcd_init
                0x0000000000001f70                alt_up_character_lcd_open_dev
                0x0000000000001fb0                alt_up_character_lcd_write
                0x000000000000202c                alt_up_character_lcd_string
                0x00000000000020a4                alt_up_character_lcd_write_fd
                0x00000000000020f4                alt_up_character_lcd_set_cursor_pos
                0x0000000000002168                alt_up_character_lcd_shift_cursor
                0x00000000000021f4                alt_up_character_lcd_shift_display
                0x0000000000002280                alt_up_character_lcd_erase_pos
                0x000000000000230c                alt_up_character_lcd_cursor_off
                0x0000000000002344                alt_up_character_lcd_cursor_blink_on
 .text          0x000000000000237c      0x390 C:/Users/martin.nowak/Documents/FPGA/InterruptsNIOS_bsp/\libhal_bsp.a(altera_up_avalon_irda.o)
                0x000000000000237c                alt_up_irda_enable_read_interrupt
                0x00000000000023d8                alt_up_irda_disable_read_interrupt
                0x0000000000002438                alt_up_irda_get_used_space_in_read_FIFO
                0x0000000000002478                alt_up_irda_get_available_space_in_write_FIFO
                0x00000000000024b4                alt_up_irda_check_parity
                0x00000000000024f8                alt_up_irda_write_data
                0x0000000000002538                alt_up_irda_read_data
                0x00000000000025ac                alt_up_irda_read_fd
                0x000000000000263c                alt_up_irda_write_fd
                0x00000000000026cc                alt_up_irda_open_dev
 .text          0x000000000000270c      0x6b4 C:/Users/martin.nowak/Documents/FPGA/InterruptsNIOS_bsp/\libhal_bsp.a(altera_up_avalon_ps2.o)
                0x000000000000270c                read_RI_bit
                0x0000000000002740                read_RE_bit
                0x0000000000002770                read_CE_bit
                0x00000000000027a4                read_num_bytes_available
                0x00000000000027d4                read_data_valid
                0x0000000000002808                read_data_byte
                0x0000000000002834                alt_up_ps2_init
                0x00000000000028fc                alt_up_ps2_enable_read_interrupt
                0x0000000000002958                alt_up_ps2_disable_read_interrupt
                0x00000000000029b8                alt_up_ps2_write_data_byte
                0x0000000000002a2c                alt_up_ps2_wait_for_ack
                0x0000000000002a94                alt_up_ps2_write_data_byte_with_ack
                0x0000000000002af8                alt_up_ps2_read_data_byte_timeout
                0x0000000000002b94                alt_up_ps2_read_data_byte
                0x0000000000002c04                alt_up_ps2_clear_fifo
                0x0000000000002c5c                alt_up_ps2_read_fd
                0x0000000000002ce8                alt_up_ps2_write_fd
                0x0000000000002d80                alt_up_ps2_open_dev
 .text          0x0000000000002dc0      0x394 C:/Users/martin.nowak/Documents/FPGA/InterruptsNIOS_bsp/\libhal_bsp.a(altera_up_avalon_rs232.o)
                0x0000000000002dc0                alt_up_rs232_enable_read_interrupt
                0x0000000000002e1c                alt_up_rs232_disable_read_interrupt
                0x0000000000002e7c                alt_up_rs232_get_used_space_in_read_FIFO
                0x0000000000002ebc                alt_up_rs232_get_available_space_in_write_FIFO
                0x0000000000002ef8                alt_up_rs232_check_parity
                0x0000000000002f3c                alt_up_rs232_write_data
                0x0000000000002f7c                alt_up_rs232_read_data
                0x0000000000002ff0                alt_up_rs232_read_fd
                0x0000000000003080                alt_up_rs232_write_fd
                0x0000000000003114                alt_up_rs232_open_dev
 .text          0x0000000000003154      0x140 C:/Users/martin.nowak/Documents/FPGA/InterruptsNIOS_bsp/\libhal_bsp.a(alt_alarm_start.o)
                0x0000000000003154                alt_alarm_start
 .text          0x0000000000003294      0x120 C:/Users/martin.nowak/Documents/FPGA/InterruptsNIOS_bsp/\libhal_bsp.a(alt_close.o)
                0x00000000000032e4                close
 .text          0x00000000000033b4       0x20 C:/Users/martin.nowak/Documents/FPGA/InterruptsNIOS_bsp/\libhal_bsp.a(alt_dcache_flush_all.o)
                0x00000000000033b4                alt_dcache_flush_all
 .text          0x00000000000033d4       0x2c C:/Users/martin.nowak/Documents/FPGA/InterruptsNIOS_bsp/\libhal_bsp.a(alt_dev.o)
 .text          0x0000000000003400       0xf4 C:/Users/martin.nowak/Documents/FPGA/InterruptsNIOS_bsp/\libhal_bsp.a(alt_dev_llist_insert.o)
                0x0000000000003450                alt_dev_llist_insert
 .text          0x00000000000034f4       0x60 C:/Users/martin.nowak/Documents/FPGA/InterruptsNIOS_bsp/\libhal_bsp.a(alt_do_ctors.o)
                0x00000000000034f4                _do_ctors
 .text          0x0000000000003554       0x60 C:/Users/martin.nowak/Documents/FPGA/InterruptsNIOS_bsp/\libhal_bsp.a(alt_do_dtors.o)
                0x0000000000003554                _do_dtors
 .text          0x00000000000035b4        0x0 C:/Users/martin.nowak/Documents/FPGA/InterruptsNIOS_bsp/\libhal_bsp.a(alt_errno.o)
 .text          0x00000000000035b4       0x90 C:/Users/martin.nowak/Documents/FPGA/InterruptsNIOS_bsp/\libhal_bsp.a(alt_find_dev.o)
                0x00000000000035b4                alt_find_dev
 .text          0x0000000000003644       0x34 C:/Users/martin.nowak/Documents/FPGA/InterruptsNIOS_bsp/\libhal_bsp.a(alt_icache_flush_all.o)
                0x0000000000003644                alt_icache_flush_all
 .text          0x0000000000003678      0x140 C:/Users/martin.nowak/Documents/FPGA/InterruptsNIOS_bsp/\libhal_bsp.a(alt_io_redirect.o)
                0x000000000000373c                alt_io_redirect
 .text          0x00000000000037b8        0x0 C:/Users/martin.nowak/Documents/FPGA/InterruptsNIOS_bsp/\libhal_bsp.a(alt_irq_entry.o)
 .text          0x00000000000037b8        0x0 C:/Users/martin.nowak/Documents/FPGA/InterruptsNIOS_bsp/\libhal_bsp.a(alt_irq_handler.o)
 .text          0x00000000000037b8      0x274 C:/Users/martin.nowak/Documents/FPGA/InterruptsNIOS_bsp/\libhal_bsp.a(alt_open.o)
                0x00000000000038d4                open
 .text          0x0000000000003a2c       0x64 C:/Users/martin.nowak/Documents/FPGA/InterruptsNIOS_bsp/\libhal_bsp.a(alt_release_fd.o)
                0x0000000000003a2c                alt_release_fd
 .text          0x0000000000003a90      0x1a4 C:/Users/martin.nowak/Documents/FPGA/InterruptsNIOS_bsp/\libhal_bsp.a(alt_tick.o)
                0x0000000000003a90                alt_alarm_stop
                0x0000000000003b2c                alt_tick
 .text          0x0000000000003c34       0x24 C:/Users/martin.nowak/Documents/FPGA/InterruptsNIOS_bsp/\libhal_bsp.a(altera_nios2_gen2_irq.o)
                0x0000000000003c34                altera_nios2_gen2_irq_init
 .text          0x0000000000003c58        0x0 C:/Users/martin.nowak/Documents/FPGA/InterruptsNIOS_bsp/\libhal_bsp.a(alt_exception_entry.o)
 .text          0x0000000000003c58      0x114 C:/Users/martin.nowak/Documents/FPGA/InterruptsNIOS_bsp/\libhal_bsp.a(alt_find_file.o)
                0x0000000000003c58                alt_find_file
 .text          0x0000000000003d6c       0xb4 C:/Users/martin.nowak/Documents/FPGA/InterruptsNIOS_bsp/\libhal_bsp.a(alt_get_fd.o)
                0x0000000000003d6c                alt_get_fd
 .text          0x0000000000003e20       0x90 C:/Users/martin.nowak/Documents/FPGA/InterruptsNIOS_bsp/\libhal_bsp.a(alt_icache_flush.o)
                0x0000000000003e20                alt_icache_flush
 .text          0x0000000000003eb0       0x9c C:/Users/martin.nowak/Documents/FPGA/InterruptsNIOS_bsp/\libhal_bsp.a(alt_instruction_exception_entry.o)
                0x0000000000003eb0                alt_exception_cause_generated_bad_addr
 .text          0x0000000000003f4c        0x0 c:/altera/16.0/nios2eds/bin/gnu/h-x86_64-mingw32/bin/../lib/gcc/nios2-elf/5.2.0/../../../../../H-x86_64-mingw32/nios2-elf/lib/mhw-mulx\libc.a(lib_a-atexit.o)
 .text.atexit   0x0000000000003f4c       0x14 c:/altera/16.0/nios2eds/bin/gnu/h-x86_64-mingw32/bin/../lib/gcc/nios2-elf/5.2.0/../../../../../H-x86_64-mingw32/nios2-elf/lib/mhw-mulx\libc.a(lib_a-atexit.o)
                0x0000000000003f4c                atexit
 .text          0x0000000000003f60        0x0 c:/altera/16.0/nios2eds/bin/gnu/h-x86_64-mingw32/bin/../lib/gcc/nios2-elf/5.2.0/../../../../../H-x86_64-mingw32/nios2-elf/lib/mhw-mulx\libc.a(lib_a-exit.o)
 .text.exit     0x0000000000003f60       0x38 c:/altera/16.0/nios2eds/bin/gnu/h-x86_64-mingw32/bin/../lib/gcc/nios2-elf/5.2.0/../../../../../H-x86_64-mingw32/nios2-elf/lib/mhw-mulx\libc.a(lib_a-exit.o)
                0x0000000000003f60                exit
 .text          0x0000000000003f98        0x0 c:/altera/16.0/nios2eds/bin/gnu/h-x86_64-mingw32/bin/../lib/gcc/nios2-elf/5.2.0/../../../../../H-x86_64-mingw32/nios2-elf/lib/mhw-mulx\libc.a(lib_a-impure.o)
 .text          0x0000000000003f98        0x0 c:/altera/16.0/nios2eds/bin/gnu/h-x86_64-mingw32/bin/../lib/gcc/nios2-elf/5.2.0/../../../../../H-x86_64-mingw32/nios2-elf/lib/mhw-mulx\libc.a(lib_a-int_errno.o)
 .text          0x0000000000003f98        0x0 c:/altera/16.0/nios2eds/bin/gnu/h-x86_64-mingw32/bin/../lib/gcc/nios2-elf/5.2.0/../../../../../H-x86_64-mingw32/nios2-elf/lib/mhw-mulx\libc.a(lib_a-memcmp.o)
 .text.memcmp   0x0000000000003f98       0x7c c:/altera/16.0/nios2eds/bin/gnu/h-x86_64-mingw32/bin/../lib/gcc/nios2-elf/5.2.0/../../../../../H-x86_64-mingw32/nios2-elf/lib/mhw-mulx\libc.a(lib_a-memcmp.o)
                0x0000000000003f98                memcmp
 .text          0x0000000000004014        0x0 c:/altera/16.0/nios2eds/bin/gnu/h-x86_64-mingw32/bin/../lib/gcc/nios2-elf/5.2.0/../../../../../H-x86_64-mingw32/nios2-elf/lib/mhw-mulx\libc.a(lib_a-strlen.o)
 .text.strlen   0x0000000000004014       0x98 c:/altera/16.0/nios2eds/bin/gnu/h-x86_64-mingw32/bin/../lib/gcc/nios2-elf/5.2.0/../../../../../H-x86_64-mingw32/nios2-elf/lib/mhw-mulx\libc.a(lib_a-strlen.o)
                0x0000000000004014                strlen
 .text          0x00000000000040ac        0x0 c:/altera/16.0/nios2eds/bin/gnu/h-x86_64-mingw32/bin/../lib/gcc/nios2-elf/5.2.0/../../../../../H-x86_64-mingw32/nios2-elf/lib/mhw-mulx\libc.a(lib_a-__atexit.o)
 .text.__register_exitproc
                0x00000000000040ac      0x118 c:/altera/16.0/nios2eds/bin/gnu/h-x86_64-mingw32/bin/../lib/gcc/nios2-elf/5.2.0/../../../../../H-x86_64-mingw32/nios2-elf/lib/mhw-mulx\libc.a(lib_a-__atexit.o)
                0x00000000000040ac                __register_exitproc
 .text          0x00000000000041c4        0x0 c:/altera/16.0/nios2eds/bin/gnu/h-x86_64-mingw32/bin/../lib/gcc/nios2-elf/5.2.0/../../../../../H-x86_64-mingw32/nios2-elf/lib/mhw-mulx\libc.a(lib_a-__call_atexit.o)
 .text.__call_exitprocs
                0x00000000000041c4      0x180 c:/altera/16.0/nios2eds/bin/gnu/h-x86_64-mingw32/bin/../lib/gcc/nios2-elf/5.2.0/../../../../../H-x86_64-mingw32/nios2-elf/lib/mhw-mulx\libc.a(lib_a-__call_atexit.o)
                0x00000000000041c4                __call_exitprocs
 .text          0x0000000000004344       0x34 C:/Users/martin.nowak/Documents/FPGA/InterruptsNIOS_bsp/\libhal_bsp.a(alt_exit.o)
                0x0000000000004344                _exit
 *(.gnu.warning.*)
 *(.fini)
                [!provide]                        PROVIDE (__etext, ABSOLUTE (.))
                [!provide]                        PROVIDE (_etext, ABSOLUTE (.))
                [!provide]                        PROVIDE (etext, ABSOLUTE (.))
 *(.eh_frame_hdr)
                0x0000000000004378                . = ALIGN (0x4)
                [!provide]                        PROVIDE (__preinit_array_start, ABSOLUTE (.))
 *(.preinit_array)
                [!provide]                        PROVIDE (__preinit_array_end, ABSOLUTE (.))
                [!provide]                        PROVIDE (__init_array_start, ABSOLUTE (.))
 *(.init_array)
                [!provide]                        PROVIDE (__init_array_end, ABSOLUTE (.))
                [!provide]                        PROVIDE (__fini_array_start, ABSOLUTE (.))
 *(.fini_array)
                [!provide]                        PROVIDE (__fini_array_end, ABSOLUTE (.))
 *(.eh_frame)
 *(.gcc_except_table .gcc_except_table.*)
 *(.dynamic)
                0x0000000000004378                PROVIDE (__CTOR_LIST__, ABSOLUTE (.))
 *(.ctors)
 *(SORT(.ctors.*))
                0x0000000000004378                PROVIDE (__CTOR_END__, ABSOLUTE (.))
                0x0000000000004378                PROVIDE (__DTOR_LIST__, ABSOLUTE (.))
 *(.dtors)
 *(SORT(.dtors.*))
                0x0000000000004378                PROVIDE (__DTOR_END__, ABSOLUTE (.))
 *(.jcr)
                0x0000000000004378                . = ALIGN (0x4)

.rodata         0x0000000000004378      0x1e4
                0x0000000000004378                PROVIDE (__ram_rodata_start, ABSOLUTE (.))
                0x0000000000004378                . = ALIGN (0x4)
 *(.rodata .rodata.* .gnu.linkonce.r.*)
 .rodata        0x0000000000004378       0x60 obj/default/buttonISR.o
 .rodata        0x00000000000043d8       0x10 obj/default/seven_seg_hex.o
 .rodata        0x00000000000043e8        0xf C:/Users/martin.nowak/Documents/FPGA/InterruptsNIOS_bsp/\libhal_bsp.a(alt_main.o)
 *fill*         0x00000000000043f7        0x1 
 .rodata        0x00000000000043f8      0x151 C:/Users/martin.nowak/Documents/FPGA/InterruptsNIOS_bsp/\libhal_bsp.a(alt_sys_init.o)
 *fill*         0x0000000000004549        0x3 
 .rodata        0x000000000000454c        0xa C:/Users/martin.nowak/Documents/FPGA/InterruptsNIOS_bsp/\libhal_bsp.a(alt_dev.o)
 *fill*         0x0000000000004556        0x2 
 .rodata.str1.4
                0x0000000000004558        0x4 c:/altera/16.0/nios2eds/bin/gnu/h-x86_64-mingw32/bin/../lib/gcc/nios2-elf/5.2.0/../../../../../H-x86_64-mingw32/nios2-elf/lib/mhw-mulx\libc.a(lib_a-impure.o)
                                          0x2 (size before relaxing)
 *(.rodata1)
                0x000000000000455c                . = ALIGN (0x4)
                0x000000000000455c                PROVIDE (__ram_rodata_end, ABSOLUTE (.))
                0x0000000000004378                PROVIDE (__flash_rodata_start, LOADADDR (.rodata))

.rwdata         0x000000000000455c     0x1994 load address 0x0000000000005ef0
                0x000000000000455c                PROVIDE (__ram_rwdata_start, ABSOLUTE (.))
                0x000000000000455c                . = ALIGN (0x4)
 *(.got.plt)
 *(.got)
 *(.data1)
 *(.data .data.* .gnu.linkonce.d.*)
 .data          0x000000000000455c        0x0 C:/Users/martin.nowak/Documents/FPGA/InterruptsNIOS_bsp//obj/HAL/src/crt0.o
 .data          0x000000000000455c        0x0 obj/default/HexDisplay.o
 .data          0x000000000000455c        0x0 obj/default/InterruptDemo.o
 .data          0x000000000000455c        0x0 obj/default/buttonISR.o
 .data          0x000000000000455c        0x0 obj/default/lcd.o
 .data          0x000000000000455c        0x0 obj/default/seven_seg_bcd.o
 .data          0x000000000000455c        0x0 obj/default/seven_seg_hex.o
 .data          0x000000000000455c        0x0 obj/default/timerISR.o
 .data          0x000000000000455c        0x0 c:/altera/16.0/nios2eds/bin/gnu/h-x86_64-mingw32/bin/../lib/gcc/nios2-elf/5.2.0/../../../../../H-x86_64-mingw32/nios2-elf/lib/mhw-mulx\libc.a(lib_a-memcpy.o)
 .data          0x000000000000455c        0x0 C:/Users/martin.nowak/Documents/FPGA/InterruptsNIOS_bsp/\libhal_bsp.a(alt_irq_register.o)
 .data          0x000000000000455c        0x0 C:/Users/martin.nowak/Documents/FPGA/InterruptsNIOS_bsp/\libhal_bsp.a(alt_irq_vars.o)
 .data          0x000000000000455c        0x0 C:/Users/martin.nowak/Documents/FPGA/InterruptsNIOS_bsp/\libhal_bsp.a(alt_load.o)
 .data          0x000000000000455c        0x0 C:/Users/martin.nowak/Documents/FPGA/InterruptsNIOS_bsp/\libhal_bsp.a(alt_main.o)
 .data          0x000000000000455c     0x139c C:/Users/martin.nowak/Documents/FPGA/InterruptsNIOS_bsp/\libhal_bsp.a(alt_sys_init.o)
 .data          0x00000000000058f8        0x0 C:/Users/martin.nowak/Documents/FPGA/InterruptsNIOS_bsp/\libhal_bsp.a(altera_avalon_jtag_uart_fd.o)
 .data          0x00000000000058f8        0x0 C:/Users/martin.nowak/Documents/FPGA/InterruptsNIOS_bsp/\libhal_bsp.a(altera_avalon_jtag_uart_init.o)
 .data          0x00000000000058f8        0x0 C:/Users/martin.nowak/Documents/FPGA/InterruptsNIOS_bsp/\libhal_bsp.a(altera_avalon_jtag_uart_ioctl.o)
 .data          0x00000000000058f8        0x0 C:/Users/martin.nowak/Documents/FPGA/InterruptsNIOS_bsp/\libhal_bsp.a(altera_avalon_jtag_uart_read.o)
 .data          0x00000000000058f8        0x0 C:/Users/martin.nowak/Documents/FPGA/InterruptsNIOS_bsp/\libhal_bsp.a(altera_avalon_jtag_uart_write.o)
 .data          0x00000000000058f8        0x0 C:/Users/martin.nowak/Documents/FPGA/InterruptsNIOS_bsp/\libhal_bsp.a(altera_avalon_timer_sc.o)
 .data          0x00000000000058f8        0x0 C:/Users/martin.nowak/Documents/FPGA/InterruptsNIOS_bsp/\libhal_bsp.a(altera_up_avalon_character_lcd.o)
 .data          0x00000000000058f8        0x0 C:/Users/martin.nowak/Documents/FPGA/InterruptsNIOS_bsp/\libhal_bsp.a(altera_up_avalon_irda.o)
 .data          0x00000000000058f8        0x0 C:/Users/martin.nowak/Documents/FPGA/InterruptsNIOS_bsp/\libhal_bsp.a(altera_up_avalon_ps2.o)
 .data          0x00000000000058f8        0x0 C:/Users/martin.nowak/Documents/FPGA/InterruptsNIOS_bsp/\libhal_bsp.a(altera_up_avalon_rs232.o)
 .data          0x00000000000058f8        0x0 C:/Users/martin.nowak/Documents/FPGA/InterruptsNIOS_bsp/\libhal_bsp.a(alt_alarm_start.o)
 .data          0x00000000000058f8        0x0 C:/Users/martin.nowak/Documents/FPGA/InterruptsNIOS_bsp/\libhal_bsp.a(alt_close.o)
 .data          0x00000000000058f8        0x0 C:/Users/martin.nowak/Documents/FPGA/InterruptsNIOS_bsp/\libhal_bsp.a(alt_dcache_flush_all.o)
 .data          0x00000000000058f8      0x1a8 C:/Users/martin.nowak/Documents/FPGA/InterruptsNIOS_bsp/\libhal_bsp.a(alt_dev.o)
                0x00000000000058f8                alt_dev_null
                0x0000000000005920                alt_fd_list
 .data          0x0000000000005aa0        0x0 C:/Users/martin.nowak/Documents/FPGA/InterruptsNIOS_bsp/\libhal_bsp.a(alt_dev_llist_insert.o)
 .data          0x0000000000005aa0        0x0 C:/Users/martin.nowak/Documents/FPGA/InterruptsNIOS_bsp/\libhal_bsp.a(alt_do_ctors.o)
 .data          0x0000000000005aa0        0x0 C:/Users/martin.nowak/Documents/FPGA/InterruptsNIOS_bsp/\libhal_bsp.a(alt_do_dtors.o)
 .data          0x0000000000005aa0        0x0 C:/Users/martin.nowak/Documents/FPGA/InterruptsNIOS_bsp/\libhal_bsp.a(alt_errno.o)
 .data          0x0000000000005aa0        0x0 C:/Users/martin.nowak/Documents/FPGA/InterruptsNIOS_bsp/\libhal_bsp.a(alt_find_dev.o)
 .data          0x0000000000005aa0        0x0 C:/Users/martin.nowak/Documents/FPGA/InterruptsNIOS_bsp/\libhal_bsp.a(alt_icache_flush_all.o)
 .data          0x0000000000005aa0        0x0 C:/Users/martin.nowak/Documents/FPGA/InterruptsNIOS_bsp/\libhal_bsp.a(alt_io_redirect.o)
 .data          0x0000000000005aa0        0x0 C:/Users/martin.nowak/Documents/FPGA/InterruptsNIOS_bsp/\libhal_bsp.a(alt_irq_entry.o)
 .data          0x0000000000005aa0        0x0 C:/Users/martin.nowak/Documents/FPGA/InterruptsNIOS_bsp/\libhal_bsp.a(alt_irq_handler.o)
 .data          0x0000000000005aa0        0x0 C:/Users/martin.nowak/Documents/FPGA/InterruptsNIOS_bsp/\libhal_bsp.a(alt_open.o)
 .data          0x0000000000005aa0        0x0 C:/Users/martin.nowak/Documents/FPGA/InterruptsNIOS_bsp/\libhal_bsp.a(alt_release_fd.o)
 .data          0x0000000000005aa0        0x0 C:/Users/martin.nowak/Documents/FPGA/InterruptsNIOS_bsp/\libhal_bsp.a(alt_tick.o)
 .data          0x0000000000005aa0        0x0 C:/Users/martin.nowak/Documents/FPGA/InterruptsNIOS_bsp/\libhal_bsp.a(altera_nios2_gen2_irq.o)
 .data          0x0000000000005aa0        0x0 C:/Users/martin.nowak/Documents/FPGA/InterruptsNIOS_bsp/\libhal_bsp.a(alt_exception_entry.o)
 .data          0x0000000000005aa0        0x0 C:/Users/martin.nowak/Documents/FPGA/InterruptsNIOS_bsp/\libhal_bsp.a(alt_find_file.o)
 .data          0x0000000000005aa0        0x0 C:/Users/martin.nowak/Documents/FPGA/InterruptsNIOS_bsp/\libhal_bsp.a(alt_get_fd.o)
 .data          0x0000000000005aa0        0x0 C:/Users/martin.nowak/Documents/FPGA/InterruptsNIOS_bsp/\libhal_bsp.a(alt_icache_flush.o)
 .data          0x0000000000005aa0        0x0 C:/Users/martin.nowak/Documents/FPGA/InterruptsNIOS_bsp/\libhal_bsp.a(alt_instruction_exception_entry.o)
 .data          0x0000000000005aa0        0x0 c:/altera/16.0/nios2eds/bin/gnu/h-x86_64-mingw32/bin/../lib/gcc/nios2-elf/5.2.0/../../../../../H-x86_64-mingw32/nios2-elf/lib/mhw-mulx\libc.a(lib_a-atexit.o)
 .data          0x0000000000005aa0        0x0 c:/altera/16.0/nios2eds/bin/gnu/h-x86_64-mingw32/bin/../lib/gcc/nios2-elf/5.2.0/../../../../../H-x86_64-mingw32/nios2-elf/lib/mhw-mulx\libc.a(lib_a-exit.o)
 .data          0x0000000000005aa0        0x0 c:/altera/16.0/nios2eds/bin/gnu/h-x86_64-mingw32/bin/../lib/gcc/nios2-elf/5.2.0/../../../../../H-x86_64-mingw32/nios2-elf/lib/mhw-mulx\libc.a(lib_a-impure.o)
 .data.impure_data
                0x0000000000005aa0      0x424 c:/altera/16.0/nios2eds/bin/gnu/h-x86_64-mingw32/bin/../lib/gcc/nios2-elf/5.2.0/../../../../../H-x86_64-mingw32/nios2-elf/lib/mhw-mulx\libc.a(lib_a-impure.o)
 .data          0x0000000000005ec4        0x0 c:/altera/16.0/nios2eds/bin/gnu/h-x86_64-mingw32/bin/../lib/gcc/nios2-elf/5.2.0/../../../../../H-x86_64-mingw32/nios2-elf/lib/mhw-mulx\libc.a(lib_a-int_errno.o)
 .data          0x0000000000005ec4        0x0 c:/altera/16.0/nios2eds/bin/gnu/h-x86_64-mingw32/bin/../lib/gcc/nios2-elf/5.2.0/../../../../../H-x86_64-mingw32/nios2-elf/lib/mhw-mulx\libc.a(lib_a-memcmp.o)
 .data          0x0000000000005ec4        0x0 c:/altera/16.0/nios2eds/bin/gnu/h-x86_64-mingw32/bin/../lib/gcc/nios2-elf/5.2.0/../../../../../H-x86_64-mingw32/nios2-elf/lib/mhw-mulx\libc.a(lib_a-strlen.o)
 .data          0x0000000000005ec4        0x0 c:/altera/16.0/nios2eds/bin/gnu/h-x86_64-mingw32/bin/../lib/gcc/nios2-elf/5.2.0/../../../../../H-x86_64-mingw32/nios2-elf/lib/mhw-mulx\libc.a(lib_a-__atexit.o)
 .data          0x0000000000005ec4        0x0 c:/altera/16.0/nios2eds/bin/gnu/h-x86_64-mingw32/bin/../lib/gcc/nios2-elf/5.2.0/../../../../../H-x86_64-mingw32/nios2-elf/lib/mhw-mulx\libc.a(lib_a-__call_atexit.o)
 .data          0x0000000000005ec4        0x0 C:/Users/martin.nowak/Documents/FPGA/InterruptsNIOS_bsp/\libhal_bsp.a(alt_exit.o)
                0x000000000000dec4                _gp = ABSOLUTE ((. + 0x8000))
                [!provide]                        PROVIDE (gp, _gp)
 *(.rwdata .rwdata.*)
 *(.sdata .sdata.* .gnu.linkonce.s.*)
 .sdata         0x0000000000005ec4        0x4 C:/Users/martin.nowak/Documents/FPGA/InterruptsNIOS_bsp/\libhal_bsp.a(alt_irq_vars.o)
                0x0000000000005ec4                alt_priority_mask
 .sdata         0x0000000000005ec8       0x14 C:/Users/martin.nowak/Documents/FPGA/InterruptsNIOS_bsp/\libhal_bsp.a(alt_dev.o)
                0x0000000000005ec8                alt_fs_list
                0x0000000000005ed0                alt_dev_list
                0x0000000000005ed8                alt_max_fd
 .sdata         0x0000000000005edc        0x4 C:/Users/martin.nowak/Documents/FPGA/InterruptsNIOS_bsp/\libhal_bsp.a(alt_errno.o)
                0x0000000000005edc                alt_errno
 .sdata         0x0000000000005ee0        0x8 C:/Users/martin.nowak/Documents/FPGA/InterruptsNIOS_bsp/\libhal_bsp.a(alt_tick.o)
                0x0000000000005ee0                alt_alarm_list
 .sdata._global_impure_ptr
                0x0000000000005ee8        0x4 c:/altera/16.0/nios2eds/bin/gnu/h-x86_64-mingw32/bin/../lib/gcc/nios2-elf/5.2.0/../../../../../H-x86_64-mingw32/nios2-elf/lib/mhw-mulx\libc.a(lib_a-impure.o)
                0x0000000000005ee8                _global_impure_ptr
 .sdata._impure_ptr
                0x0000000000005eec        0x4 c:/altera/16.0/nios2eds/bin/gnu/h-x86_64-mingw32/bin/../lib/gcc/nios2-elf/5.2.0/../../../../../H-x86_64-mingw32/nios2-elf/lib/mhw-mulx\libc.a(lib_a-impure.o)
                0x0000000000005eec                _impure_ptr
 *(.sdata2 .sdata2.* .gnu.linkonce.s2.*)
                0x0000000000005ef0                . = ALIGN (0x4)
                0x0000000000005ef0                _edata = ABSOLUTE (.)
                [!provide]                        PROVIDE (edata, ABSOLUTE (.))
                0x0000000000005ef0                PROVIDE (__ram_rwdata_end, ABSOLUTE (.))
                0x0000000000005ef0                PROVIDE (__flash_rwdata_start, LOADADDR (.rwdata))

.bss            0x0000000000007884      0x128
                0x0000000000007884                __bss_start = ABSOLUTE (.)
                [!provide]                        PROVIDE (__sbss_start, ABSOLUTE (.))
                [!provide]                        PROVIDE (___sbss_start, ABSOLUTE (.))
 *(.dynsbss)
 *(.sbss .sbss.* .gnu.linkonce.sb.*)
 .sbss          0x0000000000007884        0x4 obj/default/InterruptDemo.o
 .sbss          0x0000000000007888        0x1 obj/default/InterruptDemo.o
                0x0000000000007888                display_as_bcd
 *fill*         0x0000000000007889        0x3 
 .sbss          0x000000000000788c        0x4 C:/Users/martin.nowak/Documents/FPGA/InterruptsNIOS_bsp/\libhal_bsp.a(alt_irq_vars.o)
                0x000000000000788c                alt_irq_active
 .sbss          0x0000000000007890        0xc C:/Users/martin.nowak/Documents/FPGA/InterruptsNIOS_bsp/\libhal_bsp.a(alt_main.o)
                0x0000000000007890                alt_argc
                0x0000000000007894                alt_argv
                0x0000000000007898                alt_envp
 .sbss          0x000000000000789c        0x8 C:/Users/martin.nowak/Documents/FPGA/InterruptsNIOS_bsp/\libhal_bsp.a(alt_tick.o)
                0x000000000000789c                _alt_tick_rate
                0x00000000000078a0                _alt_nticks
 .sbss          0x00000000000078a4        0x4 C:/Users/martin.nowak/Documents/FPGA/InterruptsNIOS_bsp/\libhal_bsp.a(alt_instruction_exception_entry.o)
                0x00000000000078a4                alt_instruction_exception_handler
 .sbss          0x00000000000078a8        0x4 c:/altera/16.0/nios2eds/bin/gnu/h-x86_64-mingw32/bin/../lib/gcc/nios2-elf/5.2.0/../../../../../H-x86_64-mingw32/nios2-elf/lib/mhw-mulx\libc.a(lib_a-int_errno.o)
                0x00000000000078a8                errno
 *(.sbss2 .sbss2.* .gnu.linkonce.sb2.*)
 *(.scommon)
                [!provide]                        PROVIDE (__sbss_end, ABSOLUTE (.))
                [!provide]                        PROVIDE (___sbss_end, ABSOLUTE (.))
 *(.dynbss)
 *(.bss .bss.* .gnu.linkonce.b.*)
 .bss           0x00000000000078ac        0x0 C:/Users/martin.nowak/Documents/FPGA/InterruptsNIOS_bsp//obj/HAL/src/crt0.o
 .bss           0x00000000000078ac        0x0 obj/default/HexDisplay.o
 .bss           0x00000000000078ac        0x0 obj/default/InterruptDemo.o
 .bss           0x00000000000078ac        0x0 obj/default/buttonISR.o
 .bss           0x00000000000078ac        0x0 obj/default/lcd.o
 .bss           0x00000000000078ac        0x0 obj/default/seven_seg_bcd.o
 .bss           0x00000000000078ac        0x0 obj/default/seven_seg_hex.o
 .bss           0x00000000000078ac        0x0 obj/default/timerISR.o
 .bss           0x00000000000078ac        0x0 c:/altera/16.0/nios2eds/bin/gnu/h-x86_64-mingw32/bin/../lib/gcc/nios2-elf/5.2.0/../../../../../H-x86_64-mingw32/nios2-elf/lib/mhw-mulx\libc.a(lib_a-memcpy.o)
 .bss           0x00000000000078ac        0x0 C:/Users/martin.nowak/Documents/FPGA/InterruptsNIOS_bsp/\libhal_bsp.a(alt_irq_register.o)
 .bss           0x00000000000078ac        0x0 C:/Users/martin.nowak/Documents/FPGA/InterruptsNIOS_bsp/\libhal_bsp.a(alt_irq_vars.o)
 .bss           0x00000000000078ac        0x0 C:/Users/martin.nowak/Documents/FPGA/InterruptsNIOS_bsp/\libhal_bsp.a(alt_load.o)
 .bss           0x00000000000078ac        0x0 C:/Users/martin.nowak/Documents/FPGA/InterruptsNIOS_bsp/\libhal_bsp.a(alt_main.o)
 .bss           0x00000000000078ac        0x0 C:/Users/martin.nowak/Documents/FPGA/InterruptsNIOS_bsp/\libhal_bsp.a(alt_sys_init.o)
 .bss           0x00000000000078ac        0x0 C:/Users/martin.nowak/Documents/FPGA/InterruptsNIOS_bsp/\libhal_bsp.a(altera_avalon_jtag_uart_fd.o)
 .bss           0x00000000000078ac        0x0 C:/Users/martin.nowak/Documents/FPGA/InterruptsNIOS_bsp/\libhal_bsp.a(altera_avalon_jtag_uart_init.o)
 .bss           0x00000000000078ac        0x0 C:/Users/martin.nowak/Documents/FPGA/InterruptsNIOS_bsp/\libhal_bsp.a(altera_avalon_jtag_uart_ioctl.o)
 .bss           0x00000000000078ac        0x0 C:/Users/martin.nowak/Documents/FPGA/InterruptsNIOS_bsp/\libhal_bsp.a(altera_avalon_jtag_uart_read.o)
 .bss           0x00000000000078ac        0x0 C:/Users/martin.nowak/Documents/FPGA/InterruptsNIOS_bsp/\libhal_bsp.a(altera_avalon_jtag_uart_write.o)
 .bss           0x00000000000078ac        0x0 C:/Users/martin.nowak/Documents/FPGA/InterruptsNIOS_bsp/\libhal_bsp.a(altera_avalon_timer_sc.o)
 .bss           0x00000000000078ac        0x0 C:/Users/martin.nowak/Documents/FPGA/InterruptsNIOS_bsp/\libhal_bsp.a(altera_up_avalon_character_lcd.o)
 .bss           0x00000000000078ac        0x0 C:/Users/martin.nowak/Documents/FPGA/InterruptsNIOS_bsp/\libhal_bsp.a(altera_up_avalon_irda.o)
 .bss           0x00000000000078ac        0x0 C:/Users/martin.nowak/Documents/FPGA/InterruptsNIOS_bsp/\libhal_bsp.a(altera_up_avalon_ps2.o)
 .bss           0x00000000000078ac        0x0 C:/Users/martin.nowak/Documents/FPGA/InterruptsNIOS_bsp/\libhal_bsp.a(altera_up_avalon_rs232.o)
 .bss           0x00000000000078ac        0x0 C:/Users/martin.nowak/Documents/FPGA/InterruptsNIOS_bsp/\libhal_bsp.a(alt_alarm_start.o)
 .bss           0x00000000000078ac        0x0 C:/Users/martin.nowak/Documents/FPGA/InterruptsNIOS_bsp/\libhal_bsp.a(alt_close.o)
 .bss           0x00000000000078ac        0x0 C:/Users/martin.nowak/Documents/FPGA/InterruptsNIOS_bsp/\libhal_bsp.a(alt_dcache_flush_all.o)
 .bss           0x00000000000078ac        0x0 C:/Users/martin.nowak/Documents/FPGA/InterruptsNIOS_bsp/\libhal_bsp.a(alt_dev.o)
 .bss           0x00000000000078ac        0x0 C:/Users/martin.nowak/Documents/FPGA/InterruptsNIOS_bsp/\libhal_bsp.a(alt_dev_llist_insert.o)
 .bss           0x00000000000078ac        0x0 C:/Users/martin.nowak/Documents/FPGA/InterruptsNIOS_bsp/\libhal_bsp.a(alt_do_ctors.o)
 .bss           0x00000000000078ac        0x0 C:/Users/martin.nowak/Documents/FPGA/InterruptsNIOS_bsp/\libhal_bsp.a(alt_do_dtors.o)
 .bss           0x00000000000078ac        0x0 C:/Users/martin.nowak/Documents/FPGA/InterruptsNIOS_bsp/\libhal_bsp.a(alt_errno.o)
 .bss           0x00000000000078ac        0x0 C:/Users/martin.nowak/Documents/FPGA/InterruptsNIOS_bsp/\libhal_bsp.a(alt_find_dev.o)
 .bss           0x00000000000078ac        0x0 C:/Users/martin.nowak/Documents/FPGA/InterruptsNIOS_bsp/\libhal_bsp.a(alt_icache_flush_all.o)
 .bss           0x00000000000078ac        0x0 C:/Users/martin.nowak/Documents/FPGA/InterruptsNIOS_bsp/\libhal_bsp.a(alt_io_redirect.o)
 .bss           0x00000000000078ac        0x0 C:/Users/martin.nowak/Documents/FPGA/InterruptsNIOS_bsp/\libhal_bsp.a(alt_irq_entry.o)
 .bss           0x00000000000078ac        0x0 C:/Users/martin.nowak/Documents/FPGA/InterruptsNIOS_bsp/\libhal_bsp.a(alt_irq_handler.o)
 .bss           0x00000000000078ac        0x0 C:/Users/martin.nowak/Documents/FPGA/InterruptsNIOS_bsp/\libhal_bsp.a(alt_open.o)
 .bss           0x00000000000078ac        0x0 C:/Users/martin.nowak/Documents/FPGA/InterruptsNIOS_bsp/\libhal_bsp.a(alt_release_fd.o)
 .bss           0x00000000000078ac        0x0 C:/Users/martin.nowak/Documents/FPGA/InterruptsNIOS_bsp/\libhal_bsp.a(alt_tick.o)
 .bss           0x00000000000078ac        0x0 C:/Users/martin.nowak/Documents/FPGA/InterruptsNIOS_bsp/\libhal_bsp.a(altera_nios2_gen2_irq.o)
 .bss           0x00000000000078ac        0x0 C:/Users/martin.nowak/Documents/FPGA/InterruptsNIOS_bsp/\libhal_bsp.a(alt_exception_entry.o)
 .bss           0x00000000000078ac        0x0 C:/Users/martin.nowak/Documents/FPGA/InterruptsNIOS_bsp/\libhal_bsp.a(alt_find_file.o)
 .bss           0x00000000000078ac        0x0 C:/Users/martin.nowak/Documents/FPGA/InterruptsNIOS_bsp/\libhal_bsp.a(alt_get_fd.o)
 .bss           0x00000000000078ac        0x0 C:/Users/martin.nowak/Documents/FPGA/InterruptsNIOS_bsp/\libhal_bsp.a(alt_icache_flush.o)
 .bss           0x00000000000078ac        0x0 C:/Users/martin.nowak/Documents/FPGA/InterruptsNIOS_bsp/\libhal_bsp.a(alt_instruction_exception_entry.o)
 .bss           0x00000000000078ac        0x0 c:/altera/16.0/nios2eds/bin/gnu/h-x86_64-mingw32/bin/../lib/gcc/nios2-elf/5.2.0/../../../../../H-x86_64-mingw32/nios2-elf/lib/mhw-mulx\libc.a(lib_a-atexit.o)
 .bss           0x00000000000078ac        0x0 c:/altera/16.0/nios2eds/bin/gnu/h-x86_64-mingw32/bin/../lib/gcc/nios2-elf/5.2.0/../../../../../H-x86_64-mingw32/nios2-elf/lib/mhw-mulx\libc.a(lib_a-exit.o)
 .bss           0x00000000000078ac        0x0 c:/altera/16.0/nios2eds/bin/gnu/h-x86_64-mingw32/bin/../lib/gcc/nios2-elf/5.2.0/../../../../../H-x86_64-mingw32/nios2-elf/lib/mhw-mulx\libc.a(lib_a-impure.o)
 .bss           0x00000000000078ac        0x0 c:/altera/16.0/nios2eds/bin/gnu/h-x86_64-mingw32/bin/../lib/gcc/nios2-elf/5.2.0/../../../../../H-x86_64-mingw32/nios2-elf/lib/mhw-mulx\libc.a(lib_a-int_errno.o)
 .bss           0x00000000000078ac        0x0 c:/altera/16.0/nios2eds/bin/gnu/h-x86_64-mingw32/bin/../lib/gcc/nios2-elf/5.2.0/../../../../../H-x86_64-mingw32/nios2-elf/lib/mhw-mulx\libc.a(lib_a-memcmp.o)
 .bss           0x00000000000078ac        0x0 c:/altera/16.0/nios2eds/bin/gnu/h-x86_64-mingw32/bin/../lib/gcc/nios2-elf/5.2.0/../../../../../H-x86_64-mingw32/nios2-elf/lib/mhw-mulx\libc.a(lib_a-strlen.o)
 .bss           0x00000000000078ac        0x0 c:/altera/16.0/nios2eds/bin/gnu/h-x86_64-mingw32/bin/../lib/gcc/nios2-elf/5.2.0/../../../../../H-x86_64-mingw32/nios2-elf/lib/mhw-mulx\libc.a(lib_a-__atexit.o)
 .bss           0x00000000000078ac        0x0 c:/altera/16.0/nios2eds/bin/gnu/h-x86_64-mingw32/bin/../lib/gcc/nios2-elf/5.2.0/../../../../../H-x86_64-mingw32/nios2-elf/lib/mhw-mulx\libc.a(lib_a-__call_atexit.o)
 .bss           0x00000000000078ac        0x0 C:/Users/martin.nowak/Documents/FPGA/InterruptsNIOS_bsp/\libhal_bsp.a(alt_exit.o)
 *(COMMON)
 COMMON         0x00000000000078ac      0x100 C:/Users/martin.nowak/Documents/FPGA/InterruptsNIOS_bsp/\libhal_bsp.a(alt_irq_handler.o)
                0x00000000000078ac                alt_irq
                0x00000000000079ac                . = ALIGN (0x4)
                0x00000000000079ac                __bss_end = ABSOLUTE (.)

.SDRAM          0x00000000000079ac        0x0
                [!provide]                        PROVIDE (_alt_partition_SDRAM_start, ABSOLUTE (.))
 *(.SDRAM .SDRAM. SDRAM.*)
                0x00000000000079ac                . = ALIGN (0x4)
                [!provide]                        PROVIDE (_alt_partition_SDRAM_end, ABSOLUTE (.))
                0x00000000000079ac                _end = ABSOLUTE (.)
                0x00000000000079ac                end = ABSOLUTE (.)
                0x00000000000079ac                __alt_stack_base = ABSOLUTE (.)
                [!provide]                        PROVIDE (_alt_partition_SDRAM_load_addr, LOADADDR (.SDRAM))

.VGA_Subsystem_Char_Buf_Subsystem_Onchip_SRAM
                0x0000000009000000        0x0 load address 0x00000000000079ac
                [!provide]                        PROVIDE (_alt_partition_VGA_Subsystem_Char_Buf_Subsystem_Onchip_SRAM_start, ABSOLUTE (.))
 *(.VGA_Subsystem_Char_Buf_Subsystem_Onchip_SRAM .VGA_Subsystem_Char_Buf_Subsystem_Onchip_SRAM. VGA_Subsystem_Char_Buf_Subsystem_Onchip_SRAM.*)
                0x0000000009000000                . = ALIGN (0x4)
                [!provide]                        PROVIDE (_alt_partition_VGA_Subsystem_Char_Buf_Subsystem_Onchip_SRAM_end, ABSOLUTE (.))
                [!provide]                        PROVIDE (_alt_partition_VGA_Subsystem_Char_Buf_Subsystem_Onchip_SRAM_load_addr, LOADADDR (.VGA_Subsystem_Char_Buf_Subsystem_Onchip_SRAM))

.stab
 *(.stab)

.stabstr
 *(.stabstr)

.stab.excl
 *(.stab.excl)

.stab.exclstr
 *(.stab.exclstr)

.stab.index
 *(.stab.index)

.stab.indexstr
 *(.stab.indexstr)

.comment        0x0000000000000000       0x23
 *(.comment)
 .comment       0x0000000000000000       0x23 obj/default/HexDisplay.o
                                         0x24 (size before relaxing)
 .comment       0x0000000000000023       0x24 obj/default/InterruptDemo.o
 .comment       0x0000000000000023       0x24 obj/default/buttonISR.o
 .comment       0x0000000000000023       0x24 obj/default/lcd.o
 .comment       0x0000000000000023       0x24 obj/default/seven_seg_bcd.o
 .comment       0x0000000000000023       0x24 obj/default/seven_seg_hex.o
 .comment       0x0000000000000023       0x24 obj/default/timerISR.o
 .comment       0x0000000000000023       0x24 c:/altera/16.0/nios2eds/bin/gnu/h-x86_64-mingw32/bin/../lib/gcc/nios2-elf/5.2.0/../../../../../H-x86_64-mingw32/nios2-elf/lib/mhw-mulx\libc.a(lib_a-memcpy.o)
 .comment       0x0000000000000023       0x24 C:/Users/martin.nowak/Documents/FPGA/InterruptsNIOS_bsp/\libhal_bsp.a(alt_irq_register.o)
 .comment       0x0000000000000023       0x24 C:/Users/martin.nowak/Documents/FPGA/InterruptsNIOS_bsp/\libhal_bsp.a(alt_irq_vars.o)
 .comment       0x0000000000000023       0x24 C:/Users/martin.nowak/Documents/FPGA/InterruptsNIOS_bsp/\libhal_bsp.a(alt_load.o)
 .comment       0x0000000000000023       0x24 C:/Users/martin.nowak/Documents/FPGA/InterruptsNIOS_bsp/\libhal_bsp.a(alt_main.o)
 .comment       0x0000000000000023       0x24 C:/Users/martin.nowak/Documents/FPGA/InterruptsNIOS_bsp/\libhal_bsp.a(alt_sys_init.o)
 .comment       0x0000000000000023       0x24 C:/Users/martin.nowak/Documents/FPGA/InterruptsNIOS_bsp/\libhal_bsp.a(altera_avalon_jtag_uart_fd.o)
 .comment       0x0000000000000023       0x24 C:/Users/martin.nowak/Documents/FPGA/InterruptsNIOS_bsp/\libhal_bsp.a(altera_avalon_jtag_uart_init.o)
 .comment       0x0000000000000023       0x24 C:/Users/martin.nowak/Documents/FPGA/InterruptsNIOS_bsp/\libhal_bsp.a(altera_avalon_jtag_uart_ioctl.o)
 .comment       0x0000000000000023       0x24 C:/Users/martin.nowak/Documents/FPGA/InterruptsNIOS_bsp/\libhal_bsp.a(altera_avalon_jtag_uart_read.o)
 .comment       0x0000000000000023       0x24 C:/Users/martin.nowak/Documents/FPGA/InterruptsNIOS_bsp/\libhal_bsp.a(altera_avalon_jtag_uart_write.o)
 .comment       0x0000000000000023       0x24 C:/Users/martin.nowak/Documents/FPGA/InterruptsNIOS_bsp/\libhal_bsp.a(altera_avalon_timer_sc.o)
 .comment       0x0000000000000023       0x24 C:/Users/martin.nowak/Documents/FPGA/InterruptsNIOS_bsp/\libhal_bsp.a(altera_up_avalon_character_lcd.o)
 .comment       0x0000000000000023       0x24 C:/Users/martin.nowak/Documents/FPGA/InterruptsNIOS_bsp/\libhal_bsp.a(altera_up_avalon_irda.o)
 .comment       0x0000000000000023       0x24 C:/Users/martin.nowak/Documents/FPGA/InterruptsNIOS_bsp/\libhal_bsp.a(altera_up_avalon_ps2.o)
 .comment       0x0000000000000023       0x24 C:/Users/martin.nowak/Documents/FPGA/InterruptsNIOS_bsp/\libhal_bsp.a(altera_up_avalon_rs232.o)
 .comment       0x0000000000000023       0x24 C:/Users/martin.nowak/Documents/FPGA/InterruptsNIOS_bsp/\libhal_bsp.a(alt_alarm_start.o)
 .comment       0x0000000000000023       0x24 C:/Users/martin.nowak/Documents/FPGA/InterruptsNIOS_bsp/\libhal_bsp.a(alt_close.o)
 .comment       0x0000000000000023       0x24 C:/Users/martin.nowak/Documents/FPGA/InterruptsNIOS_bsp/\libhal_bsp.a(alt_dcache_flush_all.o)
 .comment       0x0000000000000023       0x24 C:/Users/martin.nowak/Documents/FPGA/InterruptsNIOS_bsp/\libhal_bsp.a(alt_dev.o)
 .comment       0x0000000000000023       0x24 C:/Users/martin.nowak/Documents/FPGA/InterruptsNIOS_bsp/\libhal_bsp.a(alt_dev_llist_insert.o)
 .comment       0x0000000000000023       0x24 C:/Users/martin.nowak/Documents/FPGA/InterruptsNIOS_bsp/\libhal_bsp.a(alt_do_ctors.o)
 .comment       0x0000000000000023       0x24 C:/Users/martin.nowak/Documents/FPGA/InterruptsNIOS_bsp/\libhal_bsp.a(alt_do_dtors.o)
 .comment       0x0000000000000023       0x24 C:/Users/martin.nowak/Documents/FPGA/InterruptsNIOS_bsp/\libhal_bsp.a(alt_errno.o)
 .comment       0x0000000000000023       0x24 C:/Users/martin.nowak/Documents/FPGA/InterruptsNIOS_bsp/\libhal_bsp.a(alt_find_dev.o)
 .comment       0x0000000000000023       0x24 C:/Users/martin.nowak/Documents/FPGA/InterruptsNIOS_bsp/\libhal_bsp.a(alt_icache_flush_all.o)
 .comment       0x0000000000000023       0x24 C:/Users/martin.nowak/Documents/FPGA/InterruptsNIOS_bsp/\libhal_bsp.a(alt_io_redirect.o)
 .comment       0x0000000000000023       0x24 C:/Users/martin.nowak/Documents/FPGA/InterruptsNIOS_bsp/\libhal_bsp.a(alt_irq_handler.o)
 .comment       0x0000000000000023       0x24 C:/Users/martin.nowak/Documents/FPGA/InterruptsNIOS_bsp/\libhal_bsp.a(alt_open.o)
 .comment       0x0000000000000023       0x24 C:/Users/martin.nowak/Documents/FPGA/InterruptsNIOS_bsp/\libhal_bsp.a(alt_release_fd.o)
 .comment       0x0000000000000023       0x24 C:/Users/martin.nowak/Documents/FPGA/InterruptsNIOS_bsp/\libhal_bsp.a(alt_tick.o)
 .comment       0x0000000000000023       0x24 C:/Users/martin.nowak/Documents/FPGA/InterruptsNIOS_bsp/\libhal_bsp.a(altera_nios2_gen2_irq.o)
 .comment       0x0000000000000023       0x24 C:/Users/martin.nowak/Documents/FPGA/InterruptsNIOS_bsp/\libhal_bsp.a(alt_find_file.o)
 .comment       0x0000000000000023       0x24 C:/Users/martin.nowak/Documents/FPGA/InterruptsNIOS_bsp/\libhal_bsp.a(alt_get_fd.o)
 .comment       0x0000000000000023       0x24 C:/Users/martin.nowak/Documents/FPGA/InterruptsNIOS_bsp/\libhal_bsp.a(alt_icache_flush.o)
 .comment       0x0000000000000023       0x24 C:/Users/martin.nowak/Documents/FPGA/InterruptsNIOS_bsp/\libhal_bsp.a(alt_instruction_exception_entry.o)
 .comment       0x0000000000000023       0x24 c:/altera/16.0/nios2eds/bin/gnu/h-x86_64-mingw32/bin/../lib/gcc/nios2-elf/5.2.0/../../../../../H-x86_64-mingw32/nios2-elf/lib/mhw-mulx\libc.a(lib_a-atexit.o)
 .comment       0x0000000000000023       0x24 c:/altera/16.0/nios2eds/bin/gnu/h-x86_64-mingw32/bin/../lib/gcc/nios2-elf/5.2.0/../../../../../H-x86_64-mingw32/nios2-elf/lib/mhw-mulx\libc.a(lib_a-exit.o)
 .comment       0x0000000000000023       0x24 c:/altera/16.0/nios2eds/bin/gnu/h-x86_64-mingw32/bin/../lib/gcc/nios2-elf/5.2.0/../../../../../H-x86_64-mingw32/nios2-elf/lib/mhw-mulx\libc.a(lib_a-impure.o)
 .comment       0x0000000000000023       0x24 c:/altera/16.0/nios2eds/bin/gnu/h-x86_64-mingw32/bin/../lib/gcc/nios2-elf/5.2.0/../../../../../H-x86_64-mingw32/nios2-elf/lib/mhw-mulx\libc.a(lib_a-int_errno.o)
 .comment       0x0000000000000023       0x24 c:/altera/16.0/nios2eds/bin/gnu/h-x86_64-mingw32/bin/../lib/gcc/nios2-elf/5.2.0/../../../../../H-x86_64-mingw32/nios2-elf/lib/mhw-mulx\libc.a(lib_a-memcmp.o)
 .comment       0x0000000000000023       0x24 c:/altera/16.0/nios2eds/bin/gnu/h-x86_64-mingw32/bin/../lib/gcc/nios2-elf/5.2.0/../../../../../H-x86_64-mingw32/nios2-elf/lib/mhw-mulx\libc.a(lib_a-strlen.o)
 .comment       0x0000000000000023       0x24 c:/altera/16.0/nios2eds/bin/gnu/h-x86_64-mingw32/bin/../lib/gcc/nios2-elf/5.2.0/../../../../../H-x86_64-mingw32/nios2-elf/lib/mhw-mulx\libc.a(lib_a-__atexit.o)
 .comment       0x0000000000000023       0x24 c:/altera/16.0/nios2eds/bin/gnu/h-x86_64-mingw32/bin/../lib/gcc/nios2-elf/5.2.0/../../../../../H-x86_64-mingw32/nios2-elf/lib/mhw-mulx\libc.a(lib_a-__call_atexit.o)
 .comment       0x0000000000000023       0x24 C:/Users/martin.nowak/Documents/FPGA/InterruptsNIOS_bsp/\libhal_bsp.a(alt_exit.o)

.debug
 *(.debug)

.line
 *(.line)

.debug_srcinfo
 *(.debug_srcinfo)

.debug_sfnames
 *(.debug_sfnames)

.debug_aranges  0x0000000000000000      0x6f8
 *(.debug_aranges)
 .debug_aranges
                0x0000000000000000       0x28 C:/Users/martin.nowak/Documents/FPGA/InterruptsNIOS_bsp//obj/HAL/src/crt0.o
 .debug_aranges
                0x0000000000000028       0x20 obj/default/HexDisplay.o
 .debug_aranges
                0x0000000000000048       0x20 obj/default/InterruptDemo.o
 .debug_aranges
                0x0000000000000068       0x20 obj/default/buttonISR.o
 .debug_aranges
                0x0000000000000088       0x20 obj/default/lcd.o
 .debug_aranges
                0x00000000000000a8       0x20 obj/default/seven_seg_bcd.o
 .debug_aranges
                0x00000000000000c8       0x20 obj/default/seven_seg_hex.o
 .debug_aranges
                0x00000000000000e8       0x20 obj/default/timerISR.o
 .debug_aranges
                0x0000000000000108       0x20 c:/altera/16.0/nios2eds/bin/gnu/h-x86_64-mingw32/bin/../lib/gcc/nios2-elf/5.2.0/../../../../../H-x86_64-mingw32/nios2-elf/lib/mhw-mulx\libc.a(lib_a-memcpy.o)
 .debug_aranges
                0x0000000000000128       0x20 C:/Users/martin.nowak/Documents/FPGA/InterruptsNIOS_bsp/\libhal_bsp.a(alt_irq_register.o)
 .debug_aranges
                0x0000000000000148       0x18 C:/Users/martin.nowak/Documents/FPGA/InterruptsNIOS_bsp/\libhal_bsp.a(alt_irq_vars.o)
 .debug_aranges
                0x0000000000000160       0x20 C:/Users/martin.nowak/Documents/FPGA/InterruptsNIOS_bsp/\libhal_bsp.a(alt_load.o)
 .debug_aranges
                0x0000000000000180       0x20 C:/Users/martin.nowak/Documents/FPGA/InterruptsNIOS_bsp/\libhal_bsp.a(alt_main.o)
 .debug_aranges
                0x00000000000001a0       0x20 C:/Users/martin.nowak/Documents/FPGA/InterruptsNIOS_bsp/\libhal_bsp.a(alt_sys_init.o)
 .debug_aranges
                0x00000000000001c0       0x20 C:/Users/martin.nowak/Documents/FPGA/InterruptsNIOS_bsp/\libhal_bsp.a(altera_avalon_jtag_uart_fd.o)
 .debug_aranges
                0x00000000000001e0       0x20 C:/Users/martin.nowak/Documents/FPGA/InterruptsNIOS_bsp/\libhal_bsp.a(altera_avalon_jtag_uart_init.o)
 .debug_aranges
                0x0000000000000200       0x20 C:/Users/martin.nowak/Documents/FPGA/InterruptsNIOS_bsp/\libhal_bsp.a(altera_avalon_jtag_uart_ioctl.o)
 .debug_aranges
                0x0000000000000220       0x20 C:/Users/martin.nowak/Documents/FPGA/InterruptsNIOS_bsp/\libhal_bsp.a(altera_avalon_jtag_uart_read.o)
 .debug_aranges
                0x0000000000000240       0x20 C:/Users/martin.nowak/Documents/FPGA/InterruptsNIOS_bsp/\libhal_bsp.a(altera_avalon_jtag_uart_write.o)
 .debug_aranges
                0x0000000000000260       0x20 C:/Users/martin.nowak/Documents/FPGA/InterruptsNIOS_bsp/\libhal_bsp.a(altera_avalon_timer_sc.o)
 .debug_aranges
                0x0000000000000280       0x20 C:/Users/martin.nowak/Documents/FPGA/InterruptsNIOS_bsp/\libhal_bsp.a(altera_up_avalon_character_lcd.o)
 .debug_aranges
                0x00000000000002a0       0x20 C:/Users/martin.nowak/Documents/FPGA/InterruptsNIOS_bsp/\libhal_bsp.a(altera_up_avalon_irda.o)
 .debug_aranges
                0x00000000000002c0       0x20 C:/Users/martin.nowak/Documents/FPGA/InterruptsNIOS_bsp/\libhal_bsp.a(altera_up_avalon_ps2.o)
 .debug_aranges
                0x00000000000002e0       0x20 C:/Users/martin.nowak/Documents/FPGA/InterruptsNIOS_bsp/\libhal_bsp.a(altera_up_avalon_rs232.o)
 .debug_aranges
                0x0000000000000300       0x20 C:/Users/martin.nowak/Documents/FPGA/InterruptsNIOS_bsp/\libhal_bsp.a(alt_alarm_start.o)
 .debug_aranges
                0x0000000000000320       0x20 C:/Users/martin.nowak/Documents/FPGA/InterruptsNIOS_bsp/\libhal_bsp.a(alt_close.o)
 .debug_aranges
                0x0000000000000340       0x20 C:/Users/martin.nowak/Documents/FPGA/InterruptsNIOS_bsp/\libhal_bsp.a(alt_dcache_flush_all.o)
 .debug_aranges
                0x0000000000000360       0x20 C:/Users/martin.nowak/Documents/FPGA/InterruptsNIOS_bsp/\libhal_bsp.a(alt_dev.o)
 .debug_aranges
                0x0000000000000380       0x20 C:/Users/martin.nowak/Documents/FPGA/InterruptsNIOS_bsp/\libhal_bsp.a(alt_dev_llist_insert.o)
 .debug_aranges
                0x00000000000003a0       0x20 C:/Users/martin.nowak/Documents/FPGA/InterruptsNIOS_bsp/\libhal_bsp.a(alt_do_ctors.o)
 .debug_aranges
                0x00000000000003c0       0x20 C:/Users/martin.nowak/Documents/FPGA/InterruptsNIOS_bsp/\libhal_bsp.a(alt_do_dtors.o)
 .debug_aranges
                0x00000000000003e0       0x18 C:/Users/martin.nowak/Documents/FPGA/InterruptsNIOS_bsp/\libhal_bsp.a(alt_errno.o)
 .debug_aranges
                0x00000000000003f8       0x20 C:/Users/martin.nowak/Documents/FPGA/InterruptsNIOS_bsp/\libhal_bsp.a(alt_find_dev.o)
 .debug_aranges
                0x0000000000000418       0x20 C:/Users/martin.nowak/Documents/FPGA/InterruptsNIOS_bsp/\libhal_bsp.a(alt_icache_flush_all.o)
 .debug_aranges
                0x0000000000000438       0x20 C:/Users/martin.nowak/Documents/FPGA/InterruptsNIOS_bsp/\libhal_bsp.a(alt_io_redirect.o)
 .debug_aranges
                0x0000000000000458       0x30 C:/Users/martin.nowak/Documents/FPGA/InterruptsNIOS_bsp/\libhal_bsp.a(alt_irq_entry.o)
 .debug_aranges
                0x0000000000000488       0x20 C:/Users/martin.nowak/Documents/FPGA/InterruptsNIOS_bsp/\libhal_bsp.a(alt_irq_handler.o)
 .debug_aranges
                0x00000000000004a8       0x20 C:/Users/martin.nowak/Documents/FPGA/InterruptsNIOS_bsp/\libhal_bsp.a(alt_open.o)
 .debug_aranges
                0x00000000000004c8       0x20 C:/Users/martin.nowak/Documents/FPGA/InterruptsNIOS_bsp/\libhal_bsp.a(alt_release_fd.o)
 .debug_aranges
                0x00000000000004e8       0x20 C:/Users/martin.nowak/Documents/FPGA/InterruptsNIOS_bsp/\libhal_bsp.a(alt_tick.o)
 .debug_aranges
                0x0000000000000508       0x20 C:/Users/martin.nowak/Documents/FPGA/InterruptsNIOS_bsp/\libhal_bsp.a(altera_nios2_gen2_irq.o)
 .debug_aranges
                0x0000000000000528       0x38 C:/Users/martin.nowak/Documents/FPGA/InterruptsNIOS_bsp/\libhal_bsp.a(alt_exception_entry.o)
 .debug_aranges
                0x0000000000000560       0x20 C:/Users/martin.nowak/Documents/FPGA/InterruptsNIOS_bsp/\libhal_bsp.a(alt_find_file.o)
 .debug_aranges
                0x0000000000000580       0x20 C:/Users/martin.nowak/Documents/FPGA/InterruptsNIOS_bsp/\libhal_bsp.a(alt_get_fd.o)
 .debug_aranges
                0x00000000000005a0       0x20 C:/Users/martin.nowak/Documents/FPGA/InterruptsNIOS_bsp/\libhal_bsp.a(alt_icache_flush.o)
 .debug_aranges
                0x00000000000005c0       0x28 C:/Users/martin.nowak/Documents/FPGA/InterruptsNIOS_bsp/\libhal_bsp.a(alt_instruction_exception_entry.o)
 .debug_aranges
                0x00000000000005e8       0x20 c:/altera/16.0/nios2eds/bin/gnu/h-x86_64-mingw32/bin/../lib/gcc/nios2-elf/5.2.0/../../../../../H-x86_64-mingw32/nios2-elf/lib/mhw-mulx\libc.a(lib_a-atexit.o)
 .debug_aranges
                0x0000000000000608       0x20 c:/altera/16.0/nios2eds/bin/gnu/h-x86_64-mingw32/bin/../lib/gcc/nios2-elf/5.2.0/../../../../../H-x86_64-mingw32/nios2-elf/lib/mhw-mulx\libc.a(lib_a-exit.o)
 .debug_aranges
                0x0000000000000628       0x18 c:/altera/16.0/nios2eds/bin/gnu/h-x86_64-mingw32/bin/../lib/gcc/nios2-elf/5.2.0/../../../../../H-x86_64-mingw32/nios2-elf/lib/mhw-mulx\libc.a(lib_a-impure.o)
 .debug_aranges
                0x0000000000000640       0x18 c:/altera/16.0/nios2eds/bin/gnu/h-x86_64-mingw32/bin/../lib/gcc/nios2-elf/5.2.0/../../../../../H-x86_64-mingw32/nios2-elf/lib/mhw-mulx\libc.a(lib_a-int_errno.o)
 .debug_aranges
                0x0000000000000658       0x20 c:/altera/16.0/nios2eds/bin/gnu/h-x86_64-mingw32/bin/../lib/gcc/nios2-elf/5.2.0/../../../../../H-x86_64-mingw32/nios2-elf/lib/mhw-mulx\libc.a(lib_a-memcmp.o)
 .debug_aranges
                0x0000000000000678       0x20 c:/altera/16.0/nios2eds/bin/gnu/h-x86_64-mingw32/bin/../lib/gcc/nios2-elf/5.2.0/../../../../../H-x86_64-mingw32/nios2-elf/lib/mhw-mulx\libc.a(lib_a-strlen.o)
 .debug_aranges
                0x0000000000000698       0x20 c:/altera/16.0/nios2eds/bin/gnu/h-x86_64-mingw32/bin/../lib/gcc/nios2-elf/5.2.0/../../../../../H-x86_64-mingw32/nios2-elf/lib/mhw-mulx\libc.a(lib_a-__atexit.o)
 .debug_aranges
                0x00000000000006b8       0x20 c:/altera/16.0/nios2eds/bin/gnu/h-x86_64-mingw32/bin/../lib/gcc/nios2-elf/5.2.0/../../../../../H-x86_64-mingw32/nios2-elf/lib/mhw-mulx\libc.a(lib_a-__call_atexit.o)
 .debug_aranges
                0x00000000000006d8       0x20 C:/Users/martin.nowak/Documents/FPGA/InterruptsNIOS_bsp/\libhal_bsp.a(alt_exit.o)

.debug_pubnames
 *(.debug_pubnames)

.debug_info     0x0000000000000000     0x99eb
 *(.debug_info .gnu.linkonce.wi.*)
 .debug_info    0x0000000000000000       0x6c C:/Users/martin.nowak/Documents/FPGA/InterruptsNIOS_bsp//obj/HAL/src/crt0.o
 .debug_info    0x000000000000006c       0xea obj/default/HexDisplay.o
 .debug_info    0x0000000000000156      0x107 obj/default/InterruptDemo.o
 .debug_info    0x000000000000025d       0xea obj/default/buttonISR.o
 .debug_info    0x0000000000000347       0xe1 obj/default/lcd.o
 .debug_info    0x0000000000000428      0x14b obj/default/seven_seg_bcd.o
 .debug_info    0x0000000000000573      0x143 obj/default/seven_seg_hex.o
 .debug_info    0x00000000000006b6       0xbb obj/default/timerISR.o
 .debug_info    0x0000000000000771      0x144 c:/altera/16.0/nios2eds/bin/gnu/h-x86_64-mingw32/bin/../lib/gcc/nios2-elf/5.2.0/../../../../../H-x86_64-mingw32/nios2-elf/lib/mhw-mulx\libc.a(lib_a-memcpy.o)
 .debug_info    0x00000000000008b5      0x329 C:/Users/martin.nowak/Documents/FPGA/InterruptsNIOS_bsp/\libhal_bsp.a(alt_irq_register.o)
 .debug_info    0x0000000000000bde       0x88 C:/Users/martin.nowak/Documents/FPGA/InterruptsNIOS_bsp/\libhal_bsp.a(alt_irq_vars.o)
 .debug_info    0x0000000000000c66      0x145 C:/Users/martin.nowak/Documents/FPGA/InterruptsNIOS_bsp/\libhal_bsp.a(alt_load.o)
 .debug_info    0x0000000000000dab      0x157 C:/Users/martin.nowak/Documents/FPGA/InterruptsNIOS_bsp/\libhal_bsp.a(alt_main.o)
 .debug_info    0x0000000000000f02      0x959 C:/Users/martin.nowak/Documents/FPGA/InterruptsNIOS_bsp/\libhal_bsp.a(alt_sys_init.o)
 .debug_info    0x000000000000185b      0x52e C:/Users/martin.nowak/Documents/FPGA/InterruptsNIOS_bsp/\libhal_bsp.a(altera_avalon_jtag_uart_fd.o)
 .debug_info    0x0000000000001d89      0x3c3 C:/Users/martin.nowak/Documents/FPGA/InterruptsNIOS_bsp/\libhal_bsp.a(altera_avalon_jtag_uart_init.o)
 .debug_info    0x000000000000214c      0x280 C:/Users/martin.nowak/Documents/FPGA/InterruptsNIOS_bsp/\libhal_bsp.a(altera_avalon_jtag_uart_ioctl.o)
 .debug_info    0x00000000000023cc      0x35b C:/Users/martin.nowak/Documents/FPGA/InterruptsNIOS_bsp/\libhal_bsp.a(altera_avalon_jtag_uart_read.o)
 .debug_info    0x0000000000002727      0x356 C:/Users/martin.nowak/Documents/FPGA/InterruptsNIOS_bsp/\libhal_bsp.a(altera_avalon_jtag_uart_write.o)
 .debug_info    0x0000000000002a7d      0x249 C:/Users/martin.nowak/Documents/FPGA/InterruptsNIOS_bsp/\libhal_bsp.a(altera_avalon_timer_sc.o)
 .debug_info    0x0000000000002cc6      0x601 C:/Users/martin.nowak/Documents/FPGA/InterruptsNIOS_bsp/\libhal_bsp.a(altera_up_avalon_character_lcd.o)
 .debug_info    0x00000000000032c7      0x568 C:/Users/martin.nowak/Documents/FPGA/InterruptsNIOS_bsp/\libhal_bsp.a(altera_up_avalon_irda.o)
 .debug_info    0x000000000000382f      0x7d4 C:/Users/martin.nowak/Documents/FPGA/InterruptsNIOS_bsp/\libhal_bsp.a(altera_up_avalon_ps2.o)
 .debug_info    0x0000000000004003      0x568 C:/Users/martin.nowak/Documents/FPGA/InterruptsNIOS_bsp/\libhal_bsp.a(altera_up_avalon_rs232.o)
 .debug_info    0x000000000000456b      0x2e2 C:/Users/martin.nowak/Documents/FPGA/InterruptsNIOS_bsp/\libhal_bsp.a(alt_alarm_start.o)
 .debug_info    0x000000000000484d      0x321 C:/Users/martin.nowak/Documents/FPGA/InterruptsNIOS_bsp/\libhal_bsp.a(alt_close.o)
 .debug_info    0x0000000000004b6e       0x92 C:/Users/martin.nowak/Documents/FPGA/InterruptsNIOS_bsp/\libhal_bsp.a(alt_dcache_flush_all.o)
 .debug_info    0x0000000000004c00      0x49c C:/Users/martin.nowak/Documents/FPGA/InterruptsNIOS_bsp/\libhal_bsp.a(alt_dev.o)
 .debug_info    0x000000000000509c      0x1a9 C:/Users/martin.nowak/Documents/FPGA/InterruptsNIOS_bsp/\libhal_bsp.a(alt_dev_llist_insert.o)
 .debug_info    0x0000000000005245       0x83 C:/Users/martin.nowak/Documents/FPGA/InterruptsNIOS_bsp/\libhal_bsp.a(alt_do_ctors.o)
 .debug_info    0x00000000000052c8       0x83 C:/Users/martin.nowak/Documents/FPGA/InterruptsNIOS_bsp/\libhal_bsp.a(alt_do_dtors.o)
 .debug_info    0x000000000000534b       0xa6 C:/Users/martin.nowak/Documents/FPGA/InterruptsNIOS_bsp/\libhal_bsp.a(alt_errno.o)
 .debug_info    0x00000000000053f1      0x2e9 C:/Users/martin.nowak/Documents/FPGA/InterruptsNIOS_bsp/\libhal_bsp.a(alt_find_dev.o)
 .debug_info    0x00000000000056da       0x92 C:/Users/martin.nowak/Documents/FPGA/InterruptsNIOS_bsp/\libhal_bsp.a(alt_icache_flush_all.o)
 .debug_info    0x000000000000576c      0x4a5 C:/Users/martin.nowak/Documents/FPGA/InterruptsNIOS_bsp/\libhal_bsp.a(alt_io_redirect.o)
 .debug_info    0x0000000000005c11       0x75 C:/Users/martin.nowak/Documents/FPGA/InterruptsNIOS_bsp/\libhal_bsp.a(alt_irq_entry.o)
 .debug_info    0x0000000000005c86      0x1a7 C:/Users/martin.nowak/Documents/FPGA/InterruptsNIOS_bsp/\libhal_bsp.a(alt_irq_handler.o)
 .debug_info    0x0000000000005e2d      0x3bb C:/Users/martin.nowak/Documents/FPGA/InterruptsNIOS_bsp/\libhal_bsp.a(alt_open.o)
 .debug_info    0x00000000000061e8      0x2b0 C:/Users/martin.nowak/Documents/FPGA/InterruptsNIOS_bsp/\libhal_bsp.a(alt_release_fd.o)
 .debug_info    0x0000000000006498      0x2af C:/Users/martin.nowak/Documents/FPGA/InterruptsNIOS_bsp/\libhal_bsp.a(alt_tick.o)
 .debug_info    0x0000000000006747       0xb8 C:/Users/martin.nowak/Documents/FPGA/InterruptsNIOS_bsp/\libhal_bsp.a(altera_nios2_gen2_irq.o)
 .debug_info    0x00000000000067ff       0x7b C:/Users/martin.nowak/Documents/FPGA/InterruptsNIOS_bsp/\libhal_bsp.a(alt_exception_entry.o)
 .debug_info    0x000000000000687a      0x2e6 C:/Users/martin.nowak/Documents/FPGA/InterruptsNIOS_bsp/\libhal_bsp.a(alt_find_file.o)
 .debug_info    0x0000000000006b60      0x310 C:/Users/martin.nowak/Documents/FPGA/InterruptsNIOS_bsp/\libhal_bsp.a(alt_get_fd.o)
 .debug_info    0x0000000000006e70       0xdc C:/Users/martin.nowak/Documents/FPGA/InterruptsNIOS_bsp/\libhal_bsp.a(alt_icache_flush.o)
 .debug_info    0x0000000000006f4c      0x1e7 C:/Users/martin.nowak/Documents/FPGA/InterruptsNIOS_bsp/\libhal_bsp.a(alt_instruction_exception_entry.o)
 .debug_info    0x0000000000007133       0xfe c:/altera/16.0/nios2eds/bin/gnu/h-x86_64-mingw32/bin/../lib/gcc/nios2-elf/5.2.0/../../../../../H-x86_64-mingw32/nios2-elf/lib/mhw-mulx\libc.a(lib_a-atexit.o)
 .debug_info    0x0000000000007231      0x8e4 c:/altera/16.0/nios2eds/bin/gnu/h-x86_64-mingw32/bin/../lib/gcc/nios2-elf/5.2.0/../../../../../H-x86_64-mingw32/nios2-elf/lib/mhw-mulx\libc.a(lib_a-exit.o)
 .debug_info    0x0000000000007b15      0x8a1 c:/altera/16.0/nios2eds/bin/gnu/h-x86_64-mingw32/bin/../lib/gcc/nios2-elf/5.2.0/../../../../../H-x86_64-mingw32/nios2-elf/lib/mhw-mulx\libc.a(lib_a-impure.o)
 .debug_info    0x00000000000083b6       0x8a c:/altera/16.0/nios2eds/bin/gnu/h-x86_64-mingw32/bin/../lib/gcc/nios2-elf/5.2.0/../../../../../H-x86_64-mingw32/nios2-elf/lib/mhw-mulx\libc.a(lib_a-int_errno.o)
 .debug_info    0x0000000000008440      0x11a c:/altera/16.0/nios2eds/bin/gnu/h-x86_64-mingw32/bin/../lib/gcc/nios2-elf/5.2.0/../../../../../H-x86_64-mingw32/nios2-elf/lib/mhw-mulx\libc.a(lib_a-memcmp.o)
 .debug_info    0x000000000000855a       0xe2 c:/altera/16.0/nios2eds/bin/gnu/h-x86_64-mingw32/bin/../lib/gcc/nios2-elf/5.2.0/../../../../../H-x86_64-mingw32/nios2-elf/lib/mhw-mulx\libc.a(lib_a-strlen.o)
 .debug_info    0x000000000000863c      0x934 c:/altera/16.0/nios2eds/bin/gnu/h-x86_64-mingw32/bin/../lib/gcc/nios2-elf/5.2.0/../../../../../H-x86_64-mingw32/nios2-elf/lib/mhw-mulx\libc.a(lib_a-__atexit.o)
 .debug_info    0x0000000000008f70      0x965 c:/altera/16.0/nios2eds/bin/gnu/h-x86_64-mingw32/bin/../lib/gcc/nios2-elf/5.2.0/../../../../../H-x86_64-mingw32/nios2-elf/lib/mhw-mulx\libc.a(lib_a-__call_atexit.o)
 .debug_info    0x00000000000098d5      0x116 C:/Users/martin.nowak/Documents/FPGA/InterruptsNIOS_bsp/\libhal_bsp.a(alt_exit.o)

.debug_abbrev   0x0000000000000000     0x3312
 *(.debug_abbrev)
 .debug_abbrev  0x0000000000000000       0x12 C:/Users/martin.nowak/Documents/FPGA/InterruptsNIOS_bsp//obj/HAL/src/crt0.o
 .debug_abbrev  0x0000000000000012       0xac obj/default/HexDisplay.o
 .debug_abbrev  0x00000000000000be       0x94 obj/default/InterruptDemo.o
 .debug_abbrev  0x0000000000000152       0x8a obj/default/buttonISR.o
 .debug_abbrev  0x00000000000001dc       0x99 obj/default/lcd.o
 .debug_abbrev  0x0000000000000275       0xaf obj/default/seven_seg_bcd.o
 .debug_abbrev  0x0000000000000324       0xa8 obj/default/seven_seg_hex.o
 .debug_abbrev  0x00000000000003cc       0x83 obj/default/timerISR.o
 .debug_abbrev  0x000000000000044f       0xa3 c:/altera/16.0/nios2eds/bin/gnu/h-x86_64-mingw32/bin/../lib/gcc/nios2-elf/5.2.0/../../../../../H-x86_64-mingw32/nios2-elf/lib/mhw-mulx\libc.a(lib_a-memcpy.o)
 .debug_abbrev  0x00000000000004f2      0x186 C:/Users/martin.nowak/Documents/FPGA/InterruptsNIOS_bsp/\libhal_bsp.a(alt_irq_register.o)
 .debug_abbrev  0x0000000000000678       0x40 C:/Users/martin.nowak/Documents/FPGA/InterruptsNIOS_bsp/\libhal_bsp.a(alt_irq_vars.o)
 .debug_abbrev  0x00000000000006b8       0x9f C:/Users/martin.nowak/Documents/FPGA/InterruptsNIOS_bsp/\libhal_bsp.a(alt_load.o)
 .debug_abbrev  0x0000000000000757       0xc1 C:/Users/martin.nowak/Documents/FPGA/InterruptsNIOS_bsp/\libhal_bsp.a(alt_main.o)
 .debug_abbrev  0x0000000000000818      0x19f C:/Users/martin.nowak/Documents/FPGA/InterruptsNIOS_bsp/\libhal_bsp.a(alt_sys_init.o)
 .debug_abbrev  0x00000000000009b7      0x127 C:/Users/martin.nowak/Documents/FPGA/InterruptsNIOS_bsp/\libhal_bsp.a(altera_avalon_jtag_uart_fd.o)
 .debug_abbrev  0x0000000000000ade      0x19e C:/Users/martin.nowak/Documents/FPGA/InterruptsNIOS_bsp/\libhal_bsp.a(altera_avalon_jtag_uart_init.o)
 .debug_abbrev  0x0000000000000c7c      0x111 C:/Users/martin.nowak/Documents/FPGA/InterruptsNIOS_bsp/\libhal_bsp.a(altera_avalon_jtag_uart_ioctl.o)
 .debug_abbrev  0x0000000000000d8d      0x1aa C:/Users/martin.nowak/Documents/FPGA/InterruptsNIOS_bsp/\libhal_bsp.a(altera_avalon_jtag_uart_read.o)
 .debug_abbrev  0x0000000000000f37      0x1a8 C:/Users/martin.nowak/Documents/FPGA/InterruptsNIOS_bsp/\libhal_bsp.a(altera_avalon_jtag_uart_write.o)
 .debug_abbrev  0x00000000000010df      0x155 C:/Users/martin.nowak/Documents/FPGA/InterruptsNIOS_bsp/\libhal_bsp.a(altera_avalon_timer_sc.o)
 .debug_abbrev  0x0000000000001234      0x156 C:/Users/martin.nowak/Documents/FPGA/InterruptsNIOS_bsp/\libhal_bsp.a(altera_up_avalon_character_lcd.o)
 .debug_abbrev  0x000000000000138a      0x135 C:/Users/martin.nowak/Documents/FPGA/InterruptsNIOS_bsp/\libhal_bsp.a(altera_up_avalon_irda.o)
 .debug_abbrev  0x00000000000014bf      0x1a1 C:/Users/martin.nowak/Documents/FPGA/InterruptsNIOS_bsp/\libhal_bsp.a(altera_up_avalon_ps2.o)
 .debug_abbrev  0x0000000000001660      0x135 C:/Users/martin.nowak/Documents/FPGA/InterruptsNIOS_bsp/\libhal_bsp.a(altera_up_avalon_rs232.o)
 .debug_abbrev  0x0000000000001795      0x162 C:/Users/martin.nowak/Documents/FPGA/InterruptsNIOS_bsp/\libhal_bsp.a(alt_alarm_start.o)
 .debug_abbrev  0x00000000000018f7      0x11f C:/Users/martin.nowak/Documents/FPGA/InterruptsNIOS_bsp/\libhal_bsp.a(alt_close.o)
 .debug_abbrev  0x0000000000001a16       0x42 C:/Users/martin.nowak/Documents/FPGA/InterruptsNIOS_bsp/\libhal_bsp.a(alt_dcache_flush_all.o)
 .debug_abbrev  0x0000000000001a58       0xd9 C:/Users/martin.nowak/Documents/FPGA/InterruptsNIOS_bsp/\libhal_bsp.a(alt_dev.o)
 .debug_abbrev  0x0000000000001b31      0x114 C:/Users/martin.nowak/Documents/FPGA/InterruptsNIOS_bsp/\libhal_bsp.a(alt_dev_llist_insert.o)
 .debug_abbrev  0x0000000000001c45       0x79 C:/Users/martin.nowak/Documents/FPGA/InterruptsNIOS_bsp/\libhal_bsp.a(alt_do_ctors.o)
 .debug_abbrev  0x0000000000001cbe       0x79 C:/Users/martin.nowak/Documents/FPGA/InterruptsNIOS_bsp/\libhal_bsp.a(alt_do_dtors.o)
 .debug_abbrev  0x0000000000001d37       0x5a C:/Users/martin.nowak/Documents/FPGA/InterruptsNIOS_bsp/\libhal_bsp.a(alt_errno.o)
 .debug_abbrev  0x0000000000001d91       0xf0 C:/Users/martin.nowak/Documents/FPGA/InterruptsNIOS_bsp/\libhal_bsp.a(alt_find_dev.o)
 .debug_abbrev  0x0000000000001e81       0x42 C:/Users/martin.nowak/Documents/FPGA/InterruptsNIOS_bsp/\libhal_bsp.a(alt_icache_flush_all.o)
 .debug_abbrev  0x0000000000001ec3      0x114 C:/Users/martin.nowak/Documents/FPGA/InterruptsNIOS_bsp/\libhal_bsp.a(alt_io_redirect.o)
 .debug_abbrev  0x0000000000001fd7       0x12 C:/Users/martin.nowak/Documents/FPGA/InterruptsNIOS_bsp/\libhal_bsp.a(alt_irq_entry.o)
 .debug_abbrev  0x0000000000001fe9      0x13a C:/Users/martin.nowak/Documents/FPGA/InterruptsNIOS_bsp/\libhal_bsp.a(alt_irq_handler.o)
 .debug_abbrev  0x0000000000002123      0x148 C:/Users/martin.nowak/Documents/FPGA/InterruptsNIOS_bsp/\libhal_bsp.a(alt_open.o)
 .debug_abbrev  0x000000000000226b       0xde C:/Users/martin.nowak/Documents/FPGA/InterruptsNIOS_bsp/\libhal_bsp.a(alt_release_fd.o)
 .debug_abbrev  0x0000000000002349      0x16b C:/Users/martin.nowak/Documents/FPGA/InterruptsNIOS_bsp/\libhal_bsp.a(alt_tick.o)
 .debug_abbrev  0x00000000000024b4       0x67 C:/Users/martin.nowak/Documents/FPGA/InterruptsNIOS_bsp/\libhal_bsp.a(altera_nios2_gen2_irq.o)
 .debug_abbrev  0x000000000000251b       0x12 C:/Users/martin.nowak/Documents/FPGA/InterruptsNIOS_bsp/\libhal_bsp.a(alt_exception_entry.o)
 .debug_abbrev  0x000000000000252d       0xf0 C:/Users/martin.nowak/Documents/FPGA/InterruptsNIOS_bsp/\libhal_bsp.a(alt_find_file.o)
 .debug_abbrev  0x000000000000261d      0x10d C:/Users/martin.nowak/Documents/FPGA/InterruptsNIOS_bsp/\libhal_bsp.a(alt_get_fd.o)
 .debug_abbrev  0x000000000000272a       0x8c C:/Users/martin.nowak/Documents/FPGA/InterruptsNIOS_bsp/\libhal_bsp.a(alt_icache_flush.o)
 .debug_abbrev  0x00000000000027b6       0xdc C:/Users/martin.nowak/Documents/FPGA/InterruptsNIOS_bsp/\libhal_bsp.a(alt_instruction_exception_entry.o)
 .debug_abbrev  0x0000000000002892       0xaa c:/altera/16.0/nios2eds/bin/gnu/h-x86_64-mingw32/bin/../lib/gcc/nios2-elf/5.2.0/../../../../../H-x86_64-mingw32/nios2-elf/lib/mhw-mulx\libc.a(lib_a-atexit.o)
 .debug_abbrev  0x000000000000293c      0x1e5 c:/altera/16.0/nios2eds/bin/gnu/h-x86_64-mingw32/bin/../lib/gcc/nios2-elf/5.2.0/../../../../../H-x86_64-mingw32/nios2-elf/lib/mhw-mulx\libc.a(lib_a-exit.o)
 .debug_abbrev  0x0000000000002b21      0x18f c:/altera/16.0/nios2eds/bin/gnu/h-x86_64-mingw32/bin/../lib/gcc/nios2-elf/5.2.0/../../../../../H-x86_64-mingw32/nios2-elf/lib/mhw-mulx\libc.a(lib_a-impure.o)
 .debug_abbrev  0x0000000000002cb0       0x37 c:/altera/16.0/nios2eds/bin/gnu/h-x86_64-mingw32/bin/../lib/gcc/nios2-elf/5.2.0/../../../../../H-x86_64-mingw32/nios2-elf/lib/mhw-mulx\libc.a(lib_a-int_errno.o)
 .debug_abbrev  0x0000000000002ce7       0x7f c:/altera/16.0/nios2eds/bin/gnu/h-x86_64-mingw32/bin/../lib/gcc/nios2-elf/5.2.0/../../../../../H-x86_64-mingw32/nios2-elf/lib/mhw-mulx\libc.a(lib_a-memcmp.o)
 .debug_abbrev  0x0000000000002d66       0x90 c:/altera/16.0/nios2eds/bin/gnu/h-x86_64-mingw32/bin/../lib/gcc/nios2-elf/5.2.0/../../../../../H-x86_64-mingw32/nios2-elf/lib/mhw-mulx\libc.a(lib_a-strlen.o)
 .debug_abbrev  0x0000000000002df6      0x21e c:/altera/16.0/nios2eds/bin/gnu/h-x86_64-mingw32/bin/../lib/gcc/nios2-elf/5.2.0/../../../../../H-x86_64-mingw32/nios2-elf/lib/mhw-mulx\libc.a(lib_a-__atexit.o)
 .debug_abbrev  0x0000000000003014      0x22e c:/altera/16.0/nios2eds/bin/gnu/h-x86_64-mingw32/bin/../lib/gcc/nios2-elf/5.2.0/../../../../../H-x86_64-mingw32/nios2-elf/lib/mhw-mulx\libc.a(lib_a-__call_atexit.o)
 .debug_abbrev  0x0000000000003242       0xd0 C:/Users/martin.nowak/Documents/FPGA/InterruptsNIOS_bsp/\libhal_bsp.a(alt_exit.o)

.debug_line     0x0000000000000000     0x37aa
 *(.debug_line)
 .debug_line    0x0000000000000000       0x6c C:/Users/martin.nowak/Documents/FPGA/InterruptsNIOS_bsp//obj/HAL/src/crt0.o
 .debug_line    0x000000000000006c       0x9c obj/default/HexDisplay.o
 .debug_line    0x0000000000000108       0xf8 obj/default/InterruptDemo.o
 .debug_line    0x0000000000000200       0xb5 obj/default/buttonISR.o
 .debug_line    0x00000000000002b5       0x52 obj/default/lcd.o
 .debug_line    0x0000000000000307      0x149 obj/default/seven_seg_bcd.o
 .debug_line    0x0000000000000450       0xc0 obj/default/seven_seg_hex.o
 .debug_line    0x0000000000000510       0x92 obj/default/timerISR.o
 .debug_line    0x00000000000005a2      0x18c c:/altera/16.0/nios2eds/bin/gnu/h-x86_64-mingw32/bin/../lib/gcc/nios2-elf/5.2.0/../../../../../H-x86_64-mingw32/nios2-elf/lib/mhw-mulx\libc.a(lib_a-memcpy.o)
 .debug_line    0x000000000000072e      0x159 C:/Users/martin.nowak/Documents/FPGA/InterruptsNIOS_bsp/\libhal_bsp.a(alt_irq_register.o)
 .debug_line    0x0000000000000887       0x50 C:/Users/martin.nowak/Documents/FPGA/InterruptsNIOS_bsp/\libhal_bsp.a(alt_irq_vars.o)
 .debug_line    0x00000000000008d7       0x8e C:/Users/martin.nowak/Documents/FPGA/InterruptsNIOS_bsp/\libhal_bsp.a(alt_load.o)
 .debug_line    0x0000000000000965       0xd1 C:/Users/martin.nowak/Documents/FPGA/InterruptsNIOS_bsp/\libhal_bsp.a(alt_main.o)
 .debug_line    0x0000000000000a36      0x2f2 C:/Users/martin.nowak/Documents/FPGA/InterruptsNIOS_bsp/\libhal_bsp.a(alt_sys_init.o)
 .debug_line    0x0000000000000d28      0x12f C:/Users/martin.nowak/Documents/FPGA/InterruptsNIOS_bsp/\libhal_bsp.a(altera_avalon_jtag_uart_fd.o)
 .debug_line    0x0000000000000e57      0x19f C:/Users/martin.nowak/Documents/FPGA/InterruptsNIOS_bsp/\libhal_bsp.a(altera_avalon_jtag_uart_init.o)
 .debug_line    0x0000000000000ff6      0x131 C:/Users/martin.nowak/Documents/FPGA/InterruptsNIOS_bsp/\libhal_bsp.a(altera_avalon_jtag_uart_ioctl.o)
 .debug_line    0x0000000000001127      0x185 C:/Users/martin.nowak/Documents/FPGA/InterruptsNIOS_bsp/\libhal_bsp.a(altera_avalon_jtag_uart_read.o)
 .debug_line    0x00000000000012ac      0x184 C:/Users/martin.nowak/Documents/FPGA/InterruptsNIOS_bsp/\libhal_bsp.a(altera_avalon_jtag_uart_write.o)
 .debug_line    0x0000000000001430      0x113 C:/Users/martin.nowak/Documents/FPGA/InterruptsNIOS_bsp/\libhal_bsp.a(altera_avalon_timer_sc.o)
 .debug_line    0x0000000000001543      0x1c4 C:/Users/martin.nowak/Documents/FPGA/InterruptsNIOS_bsp/\libhal_bsp.a(altera_up_avalon_character_lcd.o)
 .debug_line    0x0000000000001707      0x13d C:/Users/martin.nowak/Documents/FPGA/InterruptsNIOS_bsp/\libhal_bsp.a(altera_up_avalon_irda.o)
 .debug_line    0x0000000000001844      0x1a6 C:/Users/martin.nowak/Documents/FPGA/InterruptsNIOS_bsp/\libhal_bsp.a(altera_up_avalon_ps2.o)
 .debug_line    0x00000000000019ea      0x13f C:/Users/martin.nowak/Documents/FPGA/InterruptsNIOS_bsp/\libhal_bsp.a(altera_up_avalon_rs232.o)
 .debug_line    0x0000000000001b29      0x10e C:/Users/martin.nowak/Documents/FPGA/InterruptsNIOS_bsp/\libhal_bsp.a(alt_alarm_start.o)
 .debug_line    0x0000000000001c37      0x15e C:/Users/martin.nowak/Documents/FPGA/InterruptsNIOS_bsp/\libhal_bsp.a(alt_close.o)
 .debug_line    0x0000000000001d95       0x51 C:/Users/martin.nowak/Documents/FPGA/InterruptsNIOS_bsp/\libhal_bsp.a(alt_dcache_flush_all.o)
 .debug_line    0x0000000000001de6       0xf0 C:/Users/martin.nowak/Documents/FPGA/InterruptsNIOS_bsp/\libhal_bsp.a(alt_dev.o)
 .debug_line    0x0000000000001ed6       0xd0 C:/Users/martin.nowak/Documents/FPGA/InterruptsNIOS_bsp/\libhal_bsp.a(alt_dev_llist_insert.o)
 .debug_line    0x0000000000001fa6       0x59 C:/Users/martin.nowak/Documents/FPGA/InterruptsNIOS_bsp/\libhal_bsp.a(alt_do_ctors.o)
 .debug_line    0x0000000000001fff       0x59 C:/Users/martin.nowak/Documents/FPGA/InterruptsNIOS_bsp/\libhal_bsp.a(alt_do_dtors.o)
 .debug_line    0x0000000000002058       0x51 C:/Users/martin.nowak/Documents/FPGA/InterruptsNIOS_bsp/\libhal_bsp.a(alt_errno.o)
 .debug_line    0x00000000000020a9       0xb5 C:/Users/martin.nowak/Documents/FPGA/InterruptsNIOS_bsp/\libhal_bsp.a(alt_find_dev.o)
 .debug_line    0x000000000000215e       0x50 C:/Users/martin.nowak/Documents/FPGA/InterruptsNIOS_bsp/\libhal_bsp.a(alt_icache_flush_all.o)
 .debug_line    0x00000000000021ae      0x12b C:/Users/martin.nowak/Documents/FPGA/InterruptsNIOS_bsp/\libhal_bsp.a(alt_io_redirect.o)
 .debug_line    0x00000000000022d9       0x6b C:/Users/martin.nowak/Documents/FPGA/InterruptsNIOS_bsp/\libhal_bsp.a(alt_irq_entry.o)
 .debug_line    0x0000000000002344       0xcd C:/Users/martin.nowak/Documents/FPGA/InterruptsNIOS_bsp/\libhal_bsp.a(alt_irq_handler.o)
 .debug_line    0x0000000000002411      0x12a C:/Users/martin.nowak/Documents/FPGA/InterruptsNIOS_bsp/\libhal_bsp.a(alt_open.o)
 .debug_line    0x000000000000253b       0xae C:/Users/martin.nowak/Documents/FPGA/InterruptsNIOS_bsp/\libhal_bsp.a(alt_release_fd.o)
 .debug_line    0x00000000000025e9      0x113 C:/Users/martin.nowak/Documents/FPGA/InterruptsNIOS_bsp/\libhal_bsp.a(alt_tick.o)
 .debug_line    0x00000000000026fc       0x8d C:/Users/martin.nowak/Documents/FPGA/InterruptsNIOS_bsp/\libhal_bsp.a(altera_nios2_gen2_irq.o)
 .debug_line    0x0000000000002789       0xb3 C:/Users/martin.nowak/Documents/FPGA/InterruptsNIOS_bsp/\libhal_bsp.a(alt_exception_entry.o)
 .debug_line    0x000000000000283c       0xd1 C:/Users/martin.nowak/Documents/FPGA/InterruptsNIOS_bsp/\libhal_bsp.a(alt_find_file.o)
 .debug_line    0x000000000000290d       0xd5 C:/Users/martin.nowak/Documents/FPGA/InterruptsNIOS_bsp/\libhal_bsp.a(alt_get_fd.o)
 .debug_line    0x00000000000029e2       0x81 C:/Users/martin.nowak/Documents/FPGA/InterruptsNIOS_bsp/\libhal_bsp.a(alt_icache_flush.o)
 .debug_line    0x0000000000002a63       0xba C:/Users/martin.nowak/Documents/FPGA/InterruptsNIOS_bsp/\libhal_bsp.a(alt_instruction_exception_entry.o)
 .debug_line    0x0000000000002b1d       0xe7 c:/altera/16.0/nios2eds/bin/gnu/h-x86_64-mingw32/bin/../lib/gcc/nios2-elf/5.2.0/../../../../../H-x86_64-mingw32/nios2-elf/lib/mhw-mulx\libc.a(lib_a-atexit.o)
 .debug_line    0x0000000000002c04      0x1fc c:/altera/16.0/nios2eds/bin/gnu/h-x86_64-mingw32/bin/../lib/gcc/nios2-elf/5.2.0/../../../../../H-x86_64-mingw32/nios2-elf/lib/mhw-mulx\libc.a(lib_a-exit.o)
 .debug_line    0x0000000000002e00      0x160 c:/altera/16.0/nios2eds/bin/gnu/h-x86_64-mingw32/bin/../lib/gcc/nios2-elf/5.2.0/../../../../../H-x86_64-mingw32/nios2-elf/lib/mhw-mulx\libc.a(lib_a-impure.o)
 .debug_line    0x0000000000002f60       0x5f c:/altera/16.0/nios2eds/bin/gnu/h-x86_64-mingw32/bin/../lib/gcc/nios2-elf/5.2.0/../../../../../H-x86_64-mingw32/nios2-elf/lib/mhw-mulx\libc.a(lib_a-int_errno.o)
 .debug_line    0x0000000000002fbf      0x176 c:/altera/16.0/nios2eds/bin/gnu/h-x86_64-mingw32/bin/../lib/gcc/nios2-elf/5.2.0/../../../../../H-x86_64-mingw32/nios2-elf/lib/mhw-mulx\libc.a(lib_a-memcmp.o)
 .debug_line    0x0000000000003135      0x16f c:/altera/16.0/nios2eds/bin/gnu/h-x86_64-mingw32/bin/../lib/gcc/nios2-elf/5.2.0/../../../../../H-x86_64-mingw32/nios2-elf/lib/mhw-mulx\libc.a(lib_a-strlen.o)
 .debug_line    0x00000000000032a4      0x21f c:/altera/16.0/nios2eds/bin/gnu/h-x86_64-mingw32/bin/../lib/gcc/nios2-elf/5.2.0/../../../../../H-x86_64-mingw32/nios2-elf/lib/mhw-mulx\libc.a(lib_a-__atexit.o)
 .debug_line    0x00000000000034c3      0x23a c:/altera/16.0/nios2eds/bin/gnu/h-x86_64-mingw32/bin/../lib/gcc/nios2-elf/5.2.0/../../../../../H-x86_64-mingw32/nios2-elf/lib/mhw-mulx\libc.a(lib_a-__call_atexit.o)
 .debug_line    0x00000000000036fd       0xad C:/Users/martin.nowak/Documents/FPGA/InterruptsNIOS_bsp/\libhal_bsp.a(alt_exit.o)

.debug_frame    0x0000000000000000     0x13e0
 *(.debug_frame)
 .debug_frame   0x0000000000000000       0x5c obj/default/HexDisplay.o
 .debug_frame   0x000000000000005c       0x2c obj/default/InterruptDemo.o
 .debug_frame   0x0000000000000088       0x38 obj/default/buttonISR.o
 .debug_frame   0x00000000000000c0       0x7c obj/default/lcd.o
 .debug_frame   0x000000000000013c       0x34 obj/default/seven_seg_bcd.o
 .debug_frame   0x0000000000000170       0x38 obj/default/seven_seg_hex.o
 .debug_frame   0x00000000000001a8       0x38 obj/default/timerISR.o
 .debug_frame   0x00000000000001e0       0x38 c:/altera/16.0/nios2eds/bin/gnu/h-x86_64-mingw32/bin/../lib/gcc/nios2-elf/5.2.0/../../../../../H-x86_64-mingw32/nios2-elf/lib/mhw-mulx\libc.a(lib_a-memcpy.o)
 .debug_frame   0x0000000000000218       0x34 C:/Users/martin.nowak/Documents/FPGA/InterruptsNIOS_bsp/\libhal_bsp.a(alt_irq_register.o)
 .debug_frame   0x000000000000024c       0x5c C:/Users/martin.nowak/Documents/FPGA/InterruptsNIOS_bsp/\libhal_bsp.a(alt_load.o)
 .debug_frame   0x00000000000002a8       0x2c C:/Users/martin.nowak/Documents/FPGA/InterruptsNIOS_bsp/\libhal_bsp.a(alt_main.o)
 .debug_frame   0x00000000000002d4       0x88 C:/Users/martin.nowak/Documents/FPGA/InterruptsNIOS_bsp/\libhal_bsp.a(alt_sys_init.o)
 .debug_frame   0x000000000000035c       0xb0 C:/Users/martin.nowak/Documents/FPGA/InterruptsNIOS_bsp/\libhal_bsp.a(altera_avalon_jtag_uart_fd.o)
 .debug_frame   0x000000000000040c       0xa4 C:/Users/martin.nowak/Documents/FPGA/InterruptsNIOS_bsp/\libhal_bsp.a(altera_avalon_jtag_uart_init.o)
 .debug_frame   0x00000000000004b0       0x34 C:/Users/martin.nowak/Documents/FPGA/InterruptsNIOS_bsp/\libhal_bsp.a(altera_avalon_jtag_uart_ioctl.o)
 .debug_frame   0x00000000000004e4       0x38 C:/Users/martin.nowak/Documents/FPGA/InterruptsNIOS_bsp/\libhal_bsp.a(altera_avalon_jtag_uart_read.o)
 .debug_frame   0x000000000000051c       0x38 C:/Users/martin.nowak/Documents/FPGA/InterruptsNIOS_bsp/\libhal_bsp.a(altera_avalon_jtag_uart_write.o)
 .debug_frame   0x0000000000000554       0x60 C:/Users/martin.nowak/Documents/FPGA/InterruptsNIOS_bsp/\libhal_bsp.a(altera_avalon_timer_sc.o)
 .debug_frame   0x00000000000005b4      0x204 C:/Users/martin.nowak/Documents/FPGA/InterruptsNIOS_bsp/\libhal_bsp.a(altera_up_avalon_character_lcd.o)
 .debug_frame   0x00000000000007b8      0x188 C:/Users/martin.nowak/Documents/FPGA/InterruptsNIOS_bsp/\libhal_bsp.a(altera_up_avalon_irda.o)
 .debug_frame   0x0000000000000940      0x2c0 C:/Users/martin.nowak/Documents/FPGA/InterruptsNIOS_bsp/\libhal_bsp.a(altera_up_avalon_ps2.o)
 .debug_frame   0x0000000000000c00      0x188 C:/Users/martin.nowak/Documents/FPGA/InterruptsNIOS_bsp/\libhal_bsp.a(altera_up_avalon_rs232.o)
 .debug_frame   0x0000000000000d88       0x34 C:/Users/martin.nowak/Documents/FPGA/InterruptsNIOS_bsp/\libhal_bsp.a(alt_alarm_start.o)
 .debug_frame   0x0000000000000dbc       0x60 C:/Users/martin.nowak/Documents/FPGA/InterruptsNIOS_bsp/\libhal_bsp.a(alt_close.o)
 .debug_frame   0x0000000000000e1c       0x34 C:/Users/martin.nowak/Documents/FPGA/InterruptsNIOS_bsp/\libhal_bsp.a(alt_dcache_flush_all.o)
 .debug_frame   0x0000000000000e50       0x34 C:/Users/martin.nowak/Documents/FPGA/InterruptsNIOS_bsp/\libhal_bsp.a(alt_dev.o)
 .debug_frame   0x0000000000000e84       0x60 C:/Users/martin.nowak/Documents/FPGA/InterruptsNIOS_bsp/\libhal_bsp.a(alt_dev_llist_insert.o)
 .debug_frame   0x0000000000000ee4       0x38 C:/Users/martin.nowak/Documents/FPGA/InterruptsNIOS_bsp/\libhal_bsp.a(alt_do_ctors.o)
 .debug_frame   0x0000000000000f1c       0x38 C:/Users/martin.nowak/Documents/FPGA/InterruptsNIOS_bsp/\libhal_bsp.a(alt_do_dtors.o)
 .debug_frame   0x0000000000000f54       0x38 C:/Users/martin.nowak/Documents/FPGA/InterruptsNIOS_bsp/\libhal_bsp.a(alt_find_dev.o)
 .debug_frame   0x0000000000000f8c       0x38 C:/Users/martin.nowak/Documents/FPGA/InterruptsNIOS_bsp/\libhal_bsp.a(alt_icache_flush_all.o)
 .debug_frame   0x0000000000000fc4       0x60 C:/Users/martin.nowak/Documents/FPGA/InterruptsNIOS_bsp/\libhal_bsp.a(alt_io_redirect.o)
 .debug_frame   0x0000000000001024       0x38 C:/Users/martin.nowak/Documents/FPGA/InterruptsNIOS_bsp/\libhal_bsp.a(alt_irq_handler.o)
 .debug_frame   0x000000000000105c       0x84 C:/Users/martin.nowak/Documents/FPGA/InterruptsNIOS_bsp/\libhal_bsp.a(alt_open.o)
 .debug_frame   0x00000000000010e0       0x34 C:/Users/martin.nowak/Documents/FPGA/InterruptsNIOS_bsp/\libhal_bsp.a(alt_release_fd.o)
 .debug_frame   0x0000000000001114       0x5c C:/Users/martin.nowak/Documents/FPGA/InterruptsNIOS_bsp/\libhal_bsp.a(alt_tick.o)
 .debug_frame   0x0000000000001170       0x34 C:/Users/martin.nowak/Documents/FPGA/InterruptsNIOS_bsp/\libhal_bsp.a(altera_nios2_gen2_irq.o)
 .debug_frame   0x00000000000011a4       0x38 C:/Users/martin.nowak/Documents/FPGA/InterruptsNIOS_bsp/\libhal_bsp.a(alt_find_file.o)
 .debug_frame   0x00000000000011dc       0x34 C:/Users/martin.nowak/Documents/FPGA/InterruptsNIOS_bsp/\libhal_bsp.a(alt_get_fd.o)
 .debug_frame   0x0000000000001210       0x34 C:/Users/martin.nowak/Documents/FPGA/InterruptsNIOS_bsp/\libhal_bsp.a(alt_icache_flush.o)
 .debug_frame   0x0000000000001244       0x5c C:/Users/martin.nowak/Documents/FPGA/InterruptsNIOS_bsp/\libhal_bsp.a(alt_instruction_exception_entry.o)
 .debug_frame   0x00000000000012a0       0x20 c:/altera/16.0/nios2eds/bin/gnu/h-x86_64-mingw32/bin/../lib/gcc/nios2-elf/5.2.0/../../../../../H-x86_64-mingw32/nios2-elf/lib/mhw-mulx\libc.a(lib_a-atexit.o)
 .debug_frame   0x00000000000012c0       0x28 c:/altera/16.0/nios2eds/bin/gnu/h-x86_64-mingw32/bin/../lib/gcc/nios2-elf/5.2.0/../../../../../H-x86_64-mingw32/nios2-elf/lib/mhw-mulx\libc.a(lib_a-exit.o)
 .debug_frame   0x00000000000012e8       0x20 c:/altera/16.0/nios2eds/bin/gnu/h-x86_64-mingw32/bin/../lib/gcc/nios2-elf/5.2.0/../../../../../H-x86_64-mingw32/nios2-elf/lib/mhw-mulx\libc.a(lib_a-memcmp.o)
 .debug_frame   0x0000000000001308       0x20 c:/altera/16.0/nios2eds/bin/gnu/h-x86_64-mingw32/bin/../lib/gcc/nios2-elf/5.2.0/../../../../../H-x86_64-mingw32/nios2-elf/lib/mhw-mulx\libc.a(lib_a-strlen.o)
 .debug_frame   0x0000000000001328       0x38 c:/altera/16.0/nios2eds/bin/gnu/h-x86_64-mingw32/bin/../lib/gcc/nios2-elf/5.2.0/../../../../../H-x86_64-mingw32/nios2-elf/lib/mhw-mulx\libc.a(lib_a-__atexit.o)
 .debug_frame   0x0000000000001360       0x54 c:/altera/16.0/nios2eds/bin/gnu/h-x86_64-mingw32/bin/../lib/gcc/nios2-elf/5.2.0/../../../../../H-x86_64-mingw32/nios2-elf/lib/mhw-mulx\libc.a(lib_a-__call_atexit.o)
 .debug_frame   0x00000000000013b4       0x2c C:/Users/martin.nowak/Documents/FPGA/InterruptsNIOS_bsp/\libhal_bsp.a(alt_exit.o)

.debug_str      0x0000000000000000     0x259d
 *(.debug_str)
 .debug_str     0x0000000000000000      0x124 obj/default/HexDisplay.o
                                        0x150 (size before relaxing)